<html>
<body>
<pre>
<h1>礦ision Build Log</h1>
<h2>Project:</h2>
C:\Users\HonestUser\Desktop\STM32F103-uCOSII简单源码\RVMDK\STM32+uCOSII.uvproj
Project File Date:  01/05/2012

<h2>Output:</h2>
Build target 'FLASH'
compiling led.c...
compiling main.c...
compiling stm32f10x_it.c...
compiling misc.c...
compiling stm32f10x_gpio.c...
compiling stm32f10x_rcc.c...
compiling stm32f10x_wwdg.c...
compiling os_core.c...
compiling os_flag.c...
compiling os_mbox.c...
compiling os_mem.c...
compiling os_mutex.c...
compiling os_q.c...
compiling os_sem.c...
compiling os_task.c...
compiling os_time.c...
compiling os_tmr.c...
compiling os_cpu_c.c...
compiling os_dbg.c...
assembling startup_stm32f10x_md.s...
compiling core_cm3.c...
compiling system_stm32f10x.c...
linking...
STM32+uCOSII.axf: Error: L6218E: Undefined symbol OSCtxSw (referred from os_core.o).
STM32+uCOSII.axf: Error: L6218E: Undefined symbol OSIntCtxSw (referred from os_core.o).
STM32+uCOSII.axf: Error: L6218E: Undefined symbol OSStartHighRdy (referred from os_core.o).
STM32+uCOSII.axf: Error: L6218E: Undefined symbol OS_CPU_SR_Restore (referred from os_core.o).
STM32+uCOSII.axf: Error: L6218E: Undefined symbol OS_CPU_SR_Save (referred from os_core.o).
Target not created
Build target 'FLASH'
assembling os_cpu_a.asm...
linking...
Program Size: Code=4972 RO-data=524 RW-data=80 ZI-data=5616  
"STM32+uCOSII.axf" - 0 Error(s), 0 Warning(s).
Build target 'FLASH'
compiling led.c...
compiling main.c...
compiling stm32f10x_it.c...
compiling misc.c...
compiling stm32f10x_gpio.c...
compiling stm32f10x_rcc.c...
compiling stm32f10x_wwdg.c...
compiling os_core.c...
compiling os_flag.c...
compiling os_mbox.c...
compiling os_mem.c...
compiling os_mutex.c...
compiling os_q.c...
compiling os_sem.c...
compiling os_task.c...
compiling os_time.c...
compiling os_tmr.c...
compiling os_cpu_c.c...
compiling os_dbg.c...
assembling os_cpu_a.asm...
assembling startup_stm32f10x_md.s...
compiling core_cm3.c...
compiling system_stm32f10x.c...
linking...
Program Size: Code=4972 RO-data=524 RW-data=80 ZI-data=5616  
"STM32+uCOSII.axf" - 0 Error(s), 0 Warning(s).
Build target 'FLASH'
compiling led.c...
compiling main.c...
compiling stm32f10x_it.c...
compiling misc.c...
compiling stm32f10x_gpio.c...
compiling stm32f10x_rcc.c...
compiling stm32f10x_wwdg.c...
compiling os_core.c...
compiling os_flag.c...
compiling os_mbox.c...
compiling os_mem.c...
compiling os_mutex.c...
compiling os_q.c...
compiling os_sem.c...
compiling os_task.c...
compiling os_time.c...
compiling os_tmr.c...
compiling os_cpu_c.c...
compiling os_dbg.c...
assembling os_cpu_a.asm...
assembling startup_stm32f10x_md.s...
compiling core_cm3.c...
compiling system_stm32f10x.c...
linking...
Program Size: Code=4972 RO-data=524 RW-data=80 ZI-data=5616  
"STM32+uCOSII.axf" - 0 Error(s), 0 Warning(s).
Build target 'FLASH'
assembling startup_stm32f10x_md.s...
linking...
Program Size: Code=4972 RO-data=524 RW-data=80 ZI-data=5616  
"STM32+uCOSII.axf" - 0 Error(s), 0 Warning(s).
Build target 'FLASH'
compiling led.c...
compiling main.c...
compiling stm32f10x_it.c...
compiling misc.c...
compiling stm32f10x_gpio.c...
compiling stm32f10x_rcc.c...
compiling stm32f10x_wwdg.c...
compiling os_core.c...
compiling os_flag.c...
compiling os_mbox.c...
compiling os_mem.c...
compiling os_mutex.c...
compiling os_q.c...
compiling os_sem.c...
compiling os_task.c...
compiling os_time.c...
compiling os_tmr.c...
compiling os_cpu_c.c...
compiling os_dbg.c...
assembling os_cpu_a.asm...
assembling startup_stm32f10x_md.s...
compiling core_cm3.c...
compiling system_stm32f10x.c...
linking...
Program Size: Code=4972 RO-data=524 RW-data=80 ZI-data=5616  
"STM32+uCOSII.axf" - 0 Error(s), 0 Warning(s).
Build target 'FLASH'
assembling startup_stm32f10x_md.s...
..\Libraries\CMSIS\CM3\DeviceSupport\ST\STM32F10x\startup\arm\startup_stm32f10x_md.s(75): error: A1516E: Bad symbol '_CPU_PendSVHandler', not defined or external
..\Libraries\CMSIS\CM3\DeviceSupport\ST\STM32F10x\startup\arm\startup_stm32f10x_md.s:    75 00000038                 DCD     _CPU_PendSVHandler       ; PendSV Handler
..\Libraries\CMSIS\CM3\DeviceSupport\ST\STM32F10x\startup\arm\startup_stm32f10x_md.s:                                        ^
..\Libraries\CMSIS\CM3\DeviceSupport\ST\STM32F10x\startup\arm\startup_stm32f10x_md.s: 1 Error, 0 Warnings
Target not created
Build target 'FLASH'
assembling startup_stm32f10x_md.s...
linking...
Program Size: Code=4972 RO-data=524 RW-data=80 ZI-data=5616  
"STM32+uCOSII.axf" - 0 Error(s), 0 Warning(s).
Build target 'FLASH'
compiling led.c...
compiling main.c...
compiling stm32f10x_it.c...
compiling misc.c...
compiling stm32f10x_gpio.c...
compiling stm32f10x_rcc.c...
compiling stm32f10x_wwdg.c...
compiling os_core.c...
compiling os_flag.c...
compiling os_mbox.c...
compiling os_mem.c...
compiling os_mutex.c...
compiling os_q.c...
compiling os_sem.c...
compiling os_task.c...
compiling os_time.c...
compiling os_tmr.c...
compiling os_cpu_c.c...
compiling os_dbg.c...
assembling os_cpu_a.asm...
assembling startup_stm32f10x_md.s...
compiling core_cm3.c...
compiling system_stm32f10x.c...
linking...
Program Size: Code=4972 RO-data=524 RW-data=80 ZI-data=5616  
"STM32+uCOSII.axf" - 0 Error(s), 0 Warning(s).
Load "C:\\Users\\HonestUser\\Desktop\\STM32F103-uCOSII简单源码\\RVMDK\\STM32+uCOSII.AXF" 
USB Communication Failure
Build target 'FLASH'
compiling led.c...
compiling main.c...
compiling stm32f10x_it.c...
compiling misc.c...
compiling stm32f10x_gpio.c...
compiling stm32f10x_rcc.c...
compiling stm32f10x_wwdg.c...
compiling os_core.c...
compiling os_flag.c...
compiling os_mbox.c...
compiling os_mem.c...
compiling os_mutex.c...
compiling os_q.c...
compiling os_sem.c...
compiling os_task.c...
compiling os_time.c...
compiling os_tmr.c...
compiling os_cpu_c.c...
compiling os_dbg.c...
assembling os_cpu_a.asm...
assembling startup_stm32f10x_md.s...
compiling core_cm3.c...
compiling system_stm32f10x.c...
linking...
Program Size: Code=4972 RO-data=524 RW-data=80 ZI-data=5616  
".\obj\STM32+uCOSII.axf" - 0 Error(s), 0 Warning(s).
Load "C:\\Users\\HonestUser\\Desktop\\STM32F103-uCOSII简单源码\\RVMDK\\obj\\STM32+uCOSII.AXF" 
Set JLink Project File to "C:\Users\HonestUser\Desktop\STM32F103-uCOSII简单源码\RVMDK\JLinkSettings.ini"
 
JLink info:
------------
DLL: V4.20c, compiled Sep 24 2010 19:46:42
Firmware: J-Link ARM V8 compiled Dec 16 2010 20:21:29
Hardware: V8.00
S/N : 68000019 
Feature(s) : RDI, FlashDL, FlashBP, JFlash, GDBFull 
 
* JLink Info: TotalIRLen = 9, IRPrint = 0x0011
* JLink Info: Found Cortex-M3 r1p1, Little endian.
* JLink Info: TPIU fitted.
* JLink Info:   FPUnit: 6 code (BP) slots and 2 literal slots
ROMTableAddr = 0xE00FF003
 
Target info:
------------
Device: STM32F103C8
VTarget = 3.248V
State of Pins: 
TCK: 1, TDI: 0, TDO: 0, TMS: 0, TRES: 1, TRST: 1
* JLink Info: TotalIRLen = 9, IRPrint = 0x0011
* JLink Info: Found Cortex-M3 r1p1, Little endian.
* JLink Info: TPIU fitted.
* JLink Info:   FPUnit: 6 code (BP) slots and 2 literal slots
Hardware-Breakpoints: 6
Software-Breakpoints: 2048
Watchpoints:          4
JTAG speed: 2000 kHz
 
Erase Done.
Programming Done.
Verify OK.
