Product: MDK-ARM Lite 5.10
Component: ARM Compiler 5.04 update 1 (build 49)
Tool: armlink [5040049]

==============================================================================

Section Cross References

    led.o(.text) refers to stm32f10x_rcc.o(.text) for RCC_APB2PeriphClockCmd
    led.o(.text) refers to stm32f10x_gpio.o(.text) for GPIO_Init
    main.o(.text) refers to cabinet.o(.text) for CabinetDeviec_setDoor
    main.o(.text) refers to os_time.o(.text) for OSTimeDly
    main.o(.text) refers to ds18b20.o(.text) for Search_Rom
    main.o(.text) refers to os_sem.o(.text) for OSSemPost
    main.o(.text) refers to memseta.o(.text) for __aeabi_memclr4
    main.o(.text) refers to stm32f10x_dma.o(.text) for DMA_Cmd
    main.o(.text) refers to uart_printf.o(.text) for uprintf
    main.o(.text) refers to utils.o(.text) for findPPA
    main.o(.text) refers to printf5.o(i.__0sprintf$5) for __2sprintf
    main.o(.text) refers to uart1_dma.o(.text) for DMA1_USART1_RX_reset
    main.o(.text) refers to main.o(.bss) for .bss
    main.o(.text) refers to main.o(.data) for .data
    main.o(.text) refers to cabinet.o(.data) for CabinetDeviecs
    main.o(.text) refers to uart1_dma.o(.data) for Sem_recv
    main.o(.text) refers to uart1_dma.o(.bss) for USART1_RecvBuff
    main.o(.text) refers to printfa.o(i.__0printf) for __c89printf
    main.o(.text) refers to os_cpu_a.o(.text) for OS_CPU_SR_Save
    main.o(.text) refers to core_cm3.o(.emb_text) for __set_PSP
    main.o(.text) refers to dataflash.o(.text) for Flash_Write
    main.o(.text) refers to stm32f10x_rcc.o(.text) for RCC_GetClocksFreq
    main.o(.text) refers to os_task.o(.text) for OSTaskCreate
    main.o(.text) refers to os_core.o(.text) for OSInit
    main.o(.text) refers to misc.o(.text) for NVIC_SetVectorTable
    main.o(.text) refers to uart1_dma.o(.data) for Sem_send
    main.o(.text) refers to uart1_dma.o(.data) for USART1_SendBuff
    main.o(.data) refers to uart1_dma.o(.bss) for USART1_RecvBuff
    stm32f10x_it.o(.text) refers to os_core.o(.text) for OSIntEnter
    stm32f10x_it.o(.text) refers to stm32f10x_dma.o(.text) for DMA_Cmd
    stm32f10x_it.o(.text) refers to os_sem.o(.text) for OSSemPost
    stm32f10x_it.o(.text) refers to uart_printf.o(.text) for uprintf
    stm32f10x_it.o(.text) refers to uart1_dma.o(.data) for Sem_recv
    stm32f10x_it.o(.text) refers to uart1_dma.o(.data) for Sem_send
    uart_printf.o(.text) refers to stm32f10x_rcc.o(.text) for RCC_APB2PeriphClockCmd
    uart_printf.o(.text) refers to stm32f10x_gpio.o(.text) for GPIO_PinRemapConfig
    uart_printf.o(.text) refers to stm32f10x_usart.o(.text) for USART_Init
    key.o(.text) refers to stm32f10x_rcc.o(.text) for RCC_APB2PeriphClockCmd
    key.o(.text) refers to stm32f10x_gpio.o(.text) for GPIO_Init
    ds18b20.o(.text) refers to os_cpu_a.o(.text) for OS_CPU_SR_Restore
    ds18b20.o(.text) refers to os_time.o(.text) for OSTimeDly
    ds18b20.o(.text) refers to memseta.o(.text) for __aeabi_memclr4
    ds18b20.o(.text) refers to dflti.o(.text) for __aeabi_i2d
    ds18b20.o(.text) refers to dmul.o(.text) for __aeabi_dmul
    ds18b20.o(.text) refers to dfixi.o(.text) for __aeabi_d2iz
    ds18b20.o(.text) refers to ds18b20.o(.data) for .data
    uart1_dma.o(.text) refers to stm32f10x_dma.o(.text) for DMA_Cmd
    uart1_dma.o(.text) refers to stm32f10x_rcc.o(.text) for RCC_AHBPeriphClockCmd
    uart1_dma.o(.text) refers to misc.o(.text) for NVIC_PriorityGroupConfig
    uart1_dma.o(.text) refers to stm32f10x_gpio.o(.text) for GPIO_Init
    uart1_dma.o(.text) refers to stm32f10x_usart.o(.text) for USART_Init
    uart1_dma.o(.text) refers to uart1_dma.o(.data) for .data
    uart1_dma.o(.text) refers to uart1_dma.o(.bss) for .bss
    cabinet.o(.text) refers to stm32f10x_gpio.o(.text) for GPIO_SetBits
    cabinet.o(.text) refers to stm32f10x_rcc.o(.text) for RCC_APB2PeriphClockCmd
    cabinet.o(.text) refers to os_sem.o(.text) for OSSemCreate
    cabinet.o(.text) refers to cabinet.o(.data) for .data
    dataflash.o(.text) refers to stm32f10x_flash.o(.text) for FLASH_ProgramHalfWord
    stm32f10x_gpio.o(.text) refers to stm32f10x_rcc.o(.text) for RCC_APB2PeriphResetCmd
    stm32f10x_rcc.o(.text) refers to stm32f10x_rcc.o(.data) for .data
    stm32f10x_wwdg.o(.text) refers to stm32f10x_rcc.o(.text) for RCC_APB1PeriphResetCmd
    stm32f10x_usart.o(.text) refers to stm32f10x_rcc.o(.text) for RCC_APB2PeriphResetCmd
    os_core.o(.text) refers to os_cpu_a.o(.text) for OS_CPU_SR_Save
    os_core.o(.text) refers to os_cpu_c.o(.text) for OSTaskIdleHook
    os_core.o(.text) refers to os_task.o(.text) for OSTaskCreateExt
    os_core.o(.text) refers to os_core.o(.data) for .data
    os_core.o(.text) refers to os_core.o(.bss) for .bss
    os_core.o(.text) refers to os_core.o(.constdata) for .constdata
    os_sem.o(.text) refers to os_cpu_a.o(.text) for OS_CPU_SR_Save
[...]
    printf1.o(i.__0vsprintf$1) refers to printf1.o(i._sputc) for _sputc
    printf1.o(i._printf_core) refers to uidiv.o(.text) for __aeabi_uidivmod
    printf2.o(i.__0fprintf$2) refers to printf2.o(i._printf_core) for _printf_core
    printf2.o(i.__0fprintf$2) refers to uart_printf.o(.text) for fputc
    printf2.o(i.__0printf$2) refers to printf2.o(i._printf_core) for _printf_core
    printf2.o(i.__0printf$2) refers to uart_printf.o(.text) for fputc
    printf2.o(i.__0printf$2) refers to stdout.o(.data) for __stdout
    printf2.o(i.__0snprintf$2) refers to printf2.o(i._printf_core) for _printf_core
    printf2.o(i.__0snprintf$2) refers to printf2.o(i._snputc) for _snputc
    printf2.o(i.__0sprintf$2) refers to printf2.o(i._printf_core) for _printf_core
    printf2.o(i.__0sprintf$2) refers to printf2.o(i._sputc) for _sputc
    printf2.o(i.__0vfprintf$2) refers to printf2.o(i._printf_core) for _printf_core
    printf2.o(i.__0vfprintf$2) refers to uart_printf.o(.text) for fputc
    printf2.o(i.__0vprintf$2) refers to printf2.o(i._printf_core) for _printf_core
    printf2.o(i.__0vprintf$2) refers to uart_printf.o(.text) for fputc
    printf2.o(i.__0vprintf$2) refers to stdout.o(.data) for __stdout
    printf2.o(i.__0vsnprintf$2) refers to printf2.o(i._printf_core) for _printf_core
    printf2.o(i.__0vsnprintf$2) refers to printf2.o(i._snputc) for _snputc
    printf2.o(i.__0vsprintf$2) refers to printf2.o(i._printf_core) for _printf_core
    printf2.o(i.__0vsprintf$2) refers to printf2.o(i._sputc) for _sputc
    printf3.o(i.__0fprintf$3) refers to printf3.o(i._printf_core) for _printf_core
    printf3.o(i.__0fprintf$3) refers to uart_printf.o(.text) for fputc
    printf3.o(i.__0printf$3) refers to printf3.o(i._printf_core) for _printf_core
    printf3.o(i.__0printf$3) refers to uart_printf.o(.text) for fputc
    printf3.o(i.__0printf$3) refers to stdout.o(.data) for __stdout
    printf3.o(i.__0snprintf$3) refers to printf3.o(i._printf_core) for _printf_core
    printf3.o(i.__0snprintf$3) refers to printf3.o(i._snputc) for _snputc
    printf3.o(i.__0sprintf$3) refers to printf3.o(i._printf_core) for _printf_core
    printf3.o(i.__0sprintf$3) refers to printf3.o(i._sputc) for _sputc
    printf3.o(i.__0vfprintf$3) refers to printf3.o(i._printf_core) for _printf_core
    printf3.o(i.__0vfprintf$3) refers to uart_printf.o(.text) for fputc
    printf3.o(i.__0vprintf$3) refers to printf3.o(i._printf_core) for _printf_core
    printf3.o(i.__0vprintf$3) refers to uart_printf.o(.text) for fputc
    printf3.o(i.__0vprintf$3) refers to stdout.o(.data) for __stdout
    printf3.o(i.__0vsnprintf$3) refers to printf3.o(i._printf_core) for _printf_core
    printf3.o(i.__0vsnprintf$3) refers to printf3.o(i._snputc) for _snputc
    printf3.o(i.__0vsprintf$3) refers to printf3.o(i._printf_core) for _printf_core
    printf3.o(i.__0vsprintf$3) refers to printf3.o(i._sputc) for _sputc
    printf3.o(i._printf_core) refers to uidiv.o(.text) for __aeabi_uidivmod
    printf4.o(i.__0fprintf$4) refers to printf4.o(i._printf_core) for _printf_core
    printf4.o(i.__0fprintf$4) refers to uart_printf.o(.text) for fputc
    printf4.o(i.__0printf$4) refers to printf4.o(i._printf_core) for _printf_core
    printf4.o(i.__0printf$4) refers to uart_printf.o(.text) for fputc
    printf4.o(i.__0printf$4) refers to stdout.o(.data) for __stdout
    printf4.o(i.__0snprintf$4) refers to printf4.o(i._printf_core) for _printf_core
    printf4.o(i.__0snprintf$4) refers to printf4.o(i._snputc) for _snputc
    printf4.o(i.__0sprintf$4) refers to printf4.o(i._printf_core) for _printf_core
    printf4.o(i.__0sprintf$4) refers to printf4.o(i._sputc) for _sputc
    printf4.o(i.__0vfprintf$4) refers to printf4.o(i._printf_core) for _printf_core
    printf4.o(i.__0vfprintf$4) refers to uart_printf.o(.text) for fputc
    printf4.o(i.__0vprintf$4) refers to printf4.o(i._printf_core) for _printf_core
    printf4.o(i.__0vprintf$4) refers to uart_printf.o(.text) for fputc
    printf4.o(i.__0vprintf$4) refers to stdout.o(.data) for __stdout
    printf4.o(i.__0vsnprintf$4) refers to printf4.o(i._printf_core) for _printf_core
    printf4.o(i.__0vsnprintf$4) refers to printf4.o(i._snputc) for _snputc
    printf4.o(i.__0vsprintf$4) refers to printf4.o(i._printf_core) for _printf_core
    printf4.o(i.__0vsprintf$4) refers to printf4.o(i._sputc) for _sputc
    printf4.o(i._printf_core) refers to uldiv.o(.text) for __aeabi_uldivmod
    printf5.o(i.__0fprintf$5) refers to printf5.o(i._printf_core) for _printf_core
    printf5.o(i.__0fprintf$5) refers to uart_printf.o(.text) for fputc
    printf5.o(i.__0printf$5) refers to printf5.o(i._printf_core) for _printf_core
    printf5.o(i.__0printf$5) refers to uart_printf.o(.text) for fputc
    printf5.o(i.__0printf$5) refers to stdout.o(.data) for __stdout
    printf5.o(i.__0snprintf$5) refers to printf5.o(i._printf_core) for _printf_core
    printf5.o(i.__0snprintf$5) refers to printf5.o(i._snputc) for _snputc
    printf5.o(i.__0sprintf$5) refers to printf5.o(i._printf_core) for _printf_core
    printf5.o(i.__0sprintf$5) refers to printf5.o(i._sputc) for _sputc
    printf5.o(i.__0vfprintf$5) refers to printf5.o(i._printf_core) for _printf_core
    printf5.o(i.__0vfprintf$5) refers to uart_printf.o(.text) for fputc
    printf5.o(i.__0vprintf$5) refers to printf5.o(i._printf_core) for _printf_core
    printf5.o(i.__0vprintf$5) refers to uart_printf.o(.text) for fputc
    printf5.o(i.__0vprintf$5) refers to stdout.o(.data) for __stdout
    printf5.o(i.__0vsnprintf$5) refers to printf5.o(i._printf_core) for _printf_core
    printf5.o(i.__0vsnprintf$5) refers to printf5.o(i._snputc) for _snputc
    printf5.o(i.__0vsprintf$5) refers to printf5.o(i._printf_core) for _printf_core
    printf5.o(i.__0vsprintf$5) refers to printf5.o(i._sputc) for _sputc
    printf5.o(i._printf_core) refers to uldiv.o(.text) for __aeabi_uldivmod
    printf6.o(i.__0fprintf$6) refers to printf6.o(i._printf_core) for _printf_core
    printf6.o(i.__0fprintf$6) refers to uart_printf.o(.text) for fputc
    printf6.o(i.__0printf$6) refers to printf6.o(i._printf_core) for _printf_core
    printf6.o(i.__0printf$6) refers to uart_printf.o(.text) for fputc
    printf6.o(i.__0printf$6) refers to stdout.o(.data) for __stdout
    printf6.o(i.__0snprintf$6) refers to printf6.o(i._printf_core) for _printf_core
    printf6.o(i.__0snprintf$6) refers to printf6.o(i._snputc) for _snputc
    printf6.o(i.__0sprintf$6) refers to printf6.o(i._printf_core) for _printf_core
    printf6.o(i.__0sprintf$6) refers to printf6.o(i._sputc) for _sputc
    printf6.o(i.__0vfprintf$6) refers to printf6.o(i._printf_core) for _printf_core
    printf6.o(i.__0vfprintf$6) refers to uart_printf.o(.text) for fputc
    printf6.o(i.__0vprintf$6) refers to printf6.o(i._printf_core) for _printf_core
    printf6.o(i.__0vprintf$6) refers to uart_printf.o(.text) for fputc
    printf6.o(i.__0vprintf$6) refers to stdout.o(.data) for __stdout
    printf6.o(i.__0vsnprintf$6) refers to printf6.o(i._printf_core) for _printf_core
    printf6.o(i.__0vsnprintf$6) refers to printf6.o(i._snputc) for _snputc
    printf6.o(i.__0vsprintf$6) refers to printf6.o(i._printf_core) for _printf_core
    printf6.o(i.__0vsprintf$6) refers to printf6.o(i._sputc) for _sputc
    printf6.o(i._printf_core) refers to printf6.o(i._printf_pre_padding) for _printf_pre_padding
    printf6.o(i._printf_core) refers to uidiv.o(.text) for __aeabi_uidivmod
    printf6.o(i._printf_core) refers to printf6.o(i._printf_post_padding) for _printf_post_padding
    printf7.o(i.__0fprintf$7) refers to printf7.o(i._printf_core) for _printf_core
    printf7.o(i.__0fprintf$7) refers to uart_printf.o(.text) for fputc
    printf7.o(i.__0printf$7) refers to printf7.o(i._printf_core) for _printf_core
    printf7.o(i.__0printf$7) refers to uart_printf.o(.text) for fputc
    printf7.o(i.__0printf$7) refers to stdout.o(.data) for __stdout
    printf7.o(i.__0snprintf$7) refers to printf7.o(i._printf_core) for _printf_core
    printf7.o(i.__0snprintf$7) refers to printf7.o(i._snputc) for _snputc
    printf7.o(i.__0sprintf$7) refers to printf7.o(i._printf_core) for _printf_core
    printf7.o(i.__0sprintf$7) refers to printf7.o(i._sputc) for _sputc
    printf7.o(i.__0vfprintf$7) refers to printf7.o(i._printf_core) for _printf_core
    printf7.o(i.__0vfprintf$7) refers to uart_printf.o(.text) for fputc
    printf7.o(i.__0vprintf$7) refers to printf7.o(i._printf_core) for _printf_core
    printf7.o(i.__0vprintf$7) refers to uart_printf.o(.text) for fputc
    printf7.o(i.__0vprintf$7) refers to stdout.o(.data) for __stdout
    printf7.o(i.__0vsnprintf$7) refers to printf7.o(i._printf_core) for _printf_core
    printf7.o(i.__0vsnprintf$7) refers to printf7.o(i._snputc) for _snputc
    printf7.o(i.__0vsprintf$7) refers to printf7.o(i._printf_core) for _printf_core
    printf7.o(i.__0vsprintf$7) refers to printf7.o(i._sputc) for _sputc
    printf7.o(i._printf_core) refers to printf7.o(i._printf_pre_padding) for _printf_pre_padding
    printf7.o(i._printf_core) refers to uldiv.o(.text) for __aeabi_uldivmod
    printf7.o(i._printf_core) refers to printf7.o(i._printf_post_padding) for _printf_post_padding
    printf8.o(i.__0fprintf$8) refers to printf8.o(i._printf_core) for _printf_core
    printf8.o(i.__0fprintf$8) refers to uart_printf.o(.text) for fputc
    printf8.o(i.__0printf$8) refers to printf8.o(i._printf_core) for _printf_core
    printf8.o(i.__0printf$8) refers to uart_printf.o(.text) for fputc
    printf8.o(i.__0printf$8) refers to stdout.o(.data) for __stdout
    printf8.o(i.__0snprintf$8) refers to printf8.o(i._printf_core) for _printf_core
    printf8.o(i.__0snprintf$8) refers to printf8.o(i._snputc) for _snputc
    printf8.o(i.__0sprintf$8) refers to printf8.o(i._printf_core) for _printf_core
    printf8.o(i.__0sprintf$8) refers to printf8.o(i._sputc) for _sputc
    printf8.o(i.__0vfprintf$8) refers to printf8.o(i._printf_core) for _printf_core
    printf8.o(i.__0vfprintf$8) refers to uart_printf.o(.text) for fputc
    printf8.o(i.__0vprintf$8) refers to printf8.o(i._printf_core) for _printf_core
    printf8.o(i.__0vprintf$8) refers to uart_printf.o(.text) for fputc
    printf8.o(i.__0vprintf$8) refers to stdout.o(.data) for __stdout
    printf8.o(i.__0vsnprintf$8) refers to printf8.o(i._printf_core) for _printf_core
    printf8.o(i.__0vsnprintf$8) refers to printf8.o(i._snputc) for _snputc
    printf8.o(i.__0vsprintf$8) refers to printf8.o(i._printf_core) for _printf_core
    printf8.o(i.__0vsprintf$8) refers to printf8.o(i._sputc) for _sputc
    printf8.o(i._printf_core) refers to printf8.o(i._printf_pre_padding) for _printf_pre_padding
    printf8.o(i._printf_core) refers to uldiv.o(.text) for __aeabi_uldivmod
    printf8.o(i._printf_core) refers to printf8.o(i._printf_post_padding) for _printf_post_padding
    printfa.o(i.__0fprintf) refers (Special) to iusefp.o(.text) for __I$use$fp
    printfa.o(i.__0fprintf) refers to printfa.o(i._printf_core) for _printf_core
    printfa.o(i.__0fprintf) refers to uart_printf.o(.text) for fputc
    printfa.o(i.__0printf) refers (Special) to iusefp.o(.text) for __I$use$fp
    printfa.o(i.__0printf) refers to printfa.o(i._printf_core) for _printf_core
    printfa.o(i.__0printf) refers to uart_printf.o(.text) for fputc
    printfa.o(i.__0printf) refers to stdout.o(.data) for __stdout
    printfa.o(i.__0snprintf) refers (Special) to iusefp.o(.text) for __I$use$fp
    printfa.o(i.__0snprintf) refers to printfa.o(i._printf_core) for _printf_core
    printfa.o(i.__0snprintf) refers to printfa.o(i._snputc) for _snputc
    printfa.o(i.__0sprintf) refers (Special) to iusefp.o(.text) for __I$use$fp
    printfa.o(i.__0sprintf) refers to printfa.o(i._printf_core) for _printf_core
    printfa.o(i.__0sprintf) refers to printfa.o(i._sputc) for _sputc
    printfa.o(i.__0vfprintf) refers (Special) to iusefp.o(.text) for __I$use$fp
    printfa.o(i.__0vfprintf) refers to printfa.o(i._printf_core) for _printf_core
    printfa.o(i.__0vfprintf) refers to uart_printf.o(.text) for fputc
    printfa.o(i.__0vprintf) refers (Special) to iusefp.o(.text) for __I$use$fp
    printfa.o(i.__0vprintf) refers to printfa.o(i._printf_core) for _printf_core
    printfa.o(i.__0vprintf) refers to uart_printf.o(.text) for fputc
    printfa.o(i.__0vprintf) refers to stdout.o(.data) for __stdout
    printfa.o(i.__0vsnprintf) refers (Special) to iusefp.o(.text) for __I$use$fp
    printfa.o(i.__0vsnprintf) refers to printfa.o(i._printf_core) for _printf_core
    printfa.o(i.__0vsnprintf) refers to printfa.o(i._snputc) for _snputc
    printfa.o(i.__0vsprintf) refers (Special) to iusefp.o(.text) for __I$use$fp
    printfa.o(i.__0vsprintf) refers to printfa.o(i._printf_core) for _printf_core
    printfa.o(i.__0vsprintf) refers to printfa.o(i._sputc) for _sputc
    printfa.o(i._fp_digits) refers (Special) to iusefp.o(.text) for __I$use$fp
    printfa.o(i._fp_digits) refers to dmul.o(.text) for __aeabi_dmul
    printfa.o(i._fp_digits) refers to ddiv.o(.text) for __aeabi_ddiv
    printfa.o(i._fp_digits) refers to cdrcmple.o(.text) for __aeabi_cdrcmple
    printfa.o(i._fp_digits) refers to dadd.o(.text) for __aeabi_dadd
    printfa.o(i._fp_digits) refers to dfixul.o(.text) for __aeabi_d2ulz
    printfa.o(i._fp_digits) refers to uldiv.o(.text) for __aeabi_uldivmod
    printfa.o(i._printf_core) refers (Special) to iusefp.o(.text) for __I$use$fp
    printfa.o(i._printf_core) refers to printfa.o(i._printf_pre_padding) for _printf_pre_padding
    printfa.o(i._printf_core) refers to uldiv.o(.text) for __aeabi_uldivmod
    printfa.o(i._printf_core) refers to printfa.o(i._printf_post_padding) for _printf_post_padding
    printfa.o(i._printf_core) refers to printfa.o(i._fp_digits) for _fp_digits
    printfa.o(i._printf_core) refers to uidiv.o(.text) for __aeabi_uidivmod
    printfa.o(i._printf_post_padding) refers (Special) to iusefp.o(.text) for __I$use$fp
    printfa.o(i._printf_pre_padding) refers (Special) to iusefp.o(.text) for __I$use$fp
    printfa.o(i._snputc) refers (Special) to iusefp.o(.text) for __I$use$fp
    printfa.o(i._sputc) refers (Special) to iusefp.o(.text) for __I$use$fp
    dmul.o(.text) refers (Special) to iusefp.o(.text) for __I$use$fp
    dmul.o(.text) refers to depilogue.o(.text) for _double_epilogue
    dflti.o(.text) refers (Special) to iusefp.o(.text) for __I$use$fp
    dflti.o(.text) refers to depilogue.o(.text) for _double_epilogue
    dfixi.o(.text) refers (Special) to iusefp.o(.text) for __I$use$fp
    dfixi.o(.text) refers to llushr.o(.text) for __aeabi_llsr
    entry2.o(.ARM.Collect$$$$00000001) refers to entry2.o(.ARM.Collect$$$$00002712) for __lit__00000000
    entry2.o(.ARM.Collect$$$$00002712) refers to startup_stm32f10x_hd.o(STACK) for __initial_sp
    entry2.o(__vectab_stack_and_reset_area) refers to startup_stm32f10x_hd.o(STACK) for __initial_sp
    entry2.o(__vectab_stack_and_reset_area) refers to entry.o(.ARM.Collect$$$$00000000) for __main
    entry5.o(.ARM.Collect$$$$00000004) refers to init.o(.text) for __scatterload
    entry9a.o(.ARM.Collect$$$$0000000B) refers to main.o(.text) for main
    entry9b.o(.ARM.Collect$$$$0000000C) refers to main.o(.text) for main
    uldiv.o(.text) refers to llushr.o(.text) for __aeabi_llsr
    uldiv.o(.text) refers to llshl.o(.text) for __aeabi_llsl
    depilogue.o(.text) refers to llshl.o(.text) for __aeabi_llsl
    depilogue.o(.text) refers to llushr.o(.text) for __aeabi_llsr
    dadd.o(.text) refers to llshl.o(.text) for __aeabi_llsl
    dadd.o(.text) refers to llsshr.o(.text) for __aeabi_lasr
    dadd.o(.text) refers to depilogue.o(.text) for _double_epilogue
    ddiv.o(.text) refers to depilogue.o(.text) for _double_round
    dfixul.o(.text) refers to llushr.o(.text) for __aeabi_llsr
    dfixul.o(.text) refers to llshl.o(.text) for __aeabi_llsl
    init.o(.text) refers to entry5.o(.ARM.Collect$$$$00000004) for __main_after_scatterload


==============================================================================

Removing Unused input sections from the image.

    Removing led.o(.text), (68 bytes).
    Removing main.o(.data), (1 bytes).
    Removing key.o(.text), (92 bytes).
    Removing uart1_dma.o(.data), (1 bytes).
    Removing cabinet.o(.bss), (50 bytes).
    Removing stm32f10x_wwdg.o(.text), (124 bytes).
    Removing os_dbg.o(.constdata), (2 bytes).
    Removing startup_stm32f10x_hd.o(HEAP), (512 bytes).

8 unused section(s) (total 850 bytes) removed from the image.

==============================================================================

Image Symbol Table

    Local Symbols

    Symbol Name                              Value     Ov Type        Size  Object(Section)

    ../clib/../cmprslib/zerorunl2.c          0x00000000   Number         0  __dczerorl2.o ABSOLUTE
    ../clib/microlib/division.c              0x00000000   Number         0  uidiv.o ABSOLUTE
    ../clib/microlib/division.c              0x00000000   Number         0  uldiv.o ABSOLUTE
    ../clib/microlib/init/entry.s            0x00000000   Number         0  entry10b.o ABSOLUTE
    ../clib/microlib/init/entry.s            0x00000000   Number         0  entry.o ABSOLUTE
    ../clib/microlib/init/entry.s            0x00000000   Number         0  entry11a.o ABSOLUTE
    ../clib/microlib/init/entry.s            0x00000000   Number         0  entry11b.o ABSOLUTE
    ../clib/microlib/init/entry.s            0x00000000   Number         0  entry10a.o ABSOLUTE
    ../clib/microlib/init/entry.s            0x00000000   Number         0  entry9b.o ABSOLUTE
    ../clib/microlib/init/entry.s            0x00000000   Number         0  entry9a.o ABSOLUTE
    ../clib/microlib/init/entry.s            0x00000000   Number         0  entry8b.o ABSOLUTE
    ../clib/microlib/init/entry.s            0x00000000   Number         0  entry8a.o ABSOLUTE
    ../clib/microlib/init/entry.s            0x00000000   Number         0  entry7b.o ABSOLUTE
    ../clib/microlib/init/entry.s            0x00000000   Number         0  entry7a.o ABSOLUTE
    ../clib/microlib/init/entry.s            0x00000000   Number         0  entry5.o ABSOLUTE
    ../clib/microlib/init/entry.s            0x00000000   Number         0  entry2.o ABSOLUTE
    ../clib/microlib/longlong.c              0x00000000   Number         0  llushr.o ABSOLUTE
    ../clib/microlib/longlong.c              0x00000000   Number         0  llsshr.o ABSOLUTE
    ../clib/microlib/longlong.c              0x00000000   Number         0  llshl.o ABSOLUTE
    ../clib/microlib/printf/printf.c         0x00000000   Number         0  printfa.o ABSOLUTE
    ../clib/microlib/printf/printf.c         0x00000000   Number         0  printf8.o ABSOLUTE
    ../clib/microlib/printf/printf.c         0x00000000   Number         0  printf6.o ABSOLUTE
    ../clib/microlib/printf/printf.c         0x00000000   Number         0  printf5.o ABSOLUTE
    ../clib/microlib/printf/printf.c         0x00000000   Number         0  printf4.o ABSOLUTE
    ../clib/microlib/printf/printf.c         0x00000000   Number         0  printf3.o ABSOLUTE
    ../clib/microlib/printf/printf.c         0x00000000   Number         0  printf2.o ABSOLUTE
    ../clib/microlib/printf/printf.c         0x00000000   Number         0  printf1.o ABSOLUTE
    ../clib/microlib/printf/printf.c         0x00000000   Number         0  printf0.o ABSOLUTE
    ../clib/microlib/printf/printf.c         0x00000000   Number         0  printfb.o ABSOLUTE
    ../clib/microlib/printf/printf.c         0x00000000   Number         0  printf7.o ABSOLUTE
    ../clib/microlib/printf/stubs.s          0x00000000   Number         0  stubs.o ABSOLUTE
    ../clib/microlib/stdio/streams.c         0x00000000   Number         0  stdout.o ABSOLUTE
    ../clib/microlib/string/memset.c         0x00000000   Number         0  memseta.o ABSOLUTE
    ../clib/microlib/stubs.s                 0x00000000   Number         0  iusefp.o ABSOLUTE
    ../fplib/microlib/fpadd.c                0x00000000   Number         0  dadd.o ABSOLUTE
    ../fplib/microlib/fpdiv.c                0x00000000   Number         0  ddiv.o ABSOLUTE
    ../fplib/microlib/fpepilogue.c           0x00000000   Number         0  depilogue.o ABSOLUTE
    ../fplib/microlib/fpfix.c                0x00000000   Number         0  dfixul.o ABSOLUTE
    ../fplib/microlib/fpfix.c                0x00000000   Number         0  dfixi.o ABSOLUTE
    ../fplib/microlib/fpflt.c                0x00000000   Number         0  dflti.o ABSOLUTE
    ../fplib/microlib/fpmul.c                0x00000000   Number         0  dmul.o ABSOLUTE
    ..\Libraries\CMSIS\CM3\CoreSupport\core_cm3.c 0x00000000   Number         0  core_cm3.o ABSOLUTE
    ..\Libraries\CMSIS\CM3\DeviceSupport\ST\STM32F10x\startup\arm\startup_stm32f10x_hd.s 0x00000000   Number         0  startup_stm32f10x_hd.o ABSOLUTE
    ..\Libraries\CMSIS\CM3\DeviceSupport\ST\STM32F10x\system_stm32f10x.c 0x00000000   Number         0  system_stm32f10x.o ABSOLUTE
    ..\Libraries\STM32F10x_StdPeriph_Driver\src\misc.c 0x00000000   Number         0  misc.o ABSOLUTE
    ..\Libraries\STM32F10x_StdPeriph_Driver\src\stm32f10x_dma.c 0x00000000   Number         0  stm32f10x_dma.o ABSOLUTE
    ..\Libraries\STM32F10x_StdPeriph_Driver\src\stm32f10x_flash.c 0x00000000   Number         0  stm32f10x_flash.o ABSOLUTE
    ..\Libraries\STM32F10x_StdPeriph_Driver\src\stm32f10x_gpio.c 0x00000000   Number         0  stm32f10x_gpio.o ABSOLUTE
    ..\Libraries\STM32F10x_StdPeriph_Driver\src\stm32f10x_rcc.c 0x00000000   Number         0  stm32f10x_rcc.o ABSOLUTE
    ..\Libraries\STM32F10x_StdPeriph_Driver\src\stm32f10x_usart.c 0x00000000   Number         0  stm32f10x_usart.o ABSOLUTE
    ..\Libraries\STM32F10x_StdPeriph_Driver\src\stm32f10x_wwdg.c 0x00000000   Number         0  stm32f10x_wwdg.o ABSOLUTE
    ..\Libraries\uCOSII\port\os_cpu_a.asm    0x00000000   Number         0  os_cpu_a.o ABSOLUTE
    ..\Libraries\uCOSII\port\os_cpu_c.c      0x00000000   Number         0  os_cpu_c.o ABSOLUTE
    ..\Libraries\uCOSII\port\os_dbg.c        0x00000000   Number         0  os_dbg.o ABSOLUTE
    ..\Libraries\uCOSII\src\os_core.c        0x00000000   Number         0  os_core.o ABSOLUTE
    ..\Libraries\uCOSII\src\os_flag.c        0x00000000   Number         0  os_flag.o ABSOLUTE
    ..\Libraries\uCOSII\src\os_mbox.c        0x00000000   Number         0  os_mbox.o ABSOLUTE
    ..\Libraries\uCOSII\src\os_mem.c         0x00000000   Number         0  os_mem.o ABSOLUTE
    ..\Libraries\uCOSII\src\os_mutex.c       0x00000000   Number         0  os_mutex.o ABSOLUTE
    ..\Libraries\uCOSII\src\os_q.c           0x00000000   Number         0  os_q.o ABSOLUTE
    ..\Libraries\uCOSII\src\os_sem.c         0x00000000   Number         0  os_sem.o ABSOLUTE
    ..\Libraries\uCOSII\src\os_task.c        0x00000000   Number         0  os_task.o ABSOLUTE
    ..\Libraries\uCOSII\src\os_time.c        0x00000000   Number         0  os_time.o ABSOLUTE
    ..\Libraries\uCOSII\src\os_tmr.c         0x00000000   Number         0  os_tmr.o ABSOLUTE
    ..\Source\src\DataFlash.c                0x00000000   Number         0  dataflash.o ABSOLUTE
    ..\Source\src\cabinet.c                  0x00000000   Number         0  cabinet.o ABSOLUTE
    ..\Source\src\ds18b20.c                  0x00000000   Number         0  ds18b20.o ABSOLUTE
    ..\Source\src\key.c                      0x00000000   Number         0  key.o ABSOLUTE
    ..\Source\src\led.c                      0x00000000   Number         0  led.o ABSOLUTE
    ..\Source\src\main.c                     0x00000000   Number         0  main.o ABSOLUTE
    ..\Source\src\stm32f10x_it.c             0x00000000   Number         0  stm32f10x_it.o ABSOLUTE
    ..\Source\src\uart1_dma.c                0x00000000   Number         0  uart1_dma.o ABSOLUTE
    ..\Source\src\uart_printf.c              0x00000000   Number         0  uart_printf.o ABSOLUTE
    ..\Source\src\utils.c                    0x00000000   Number         0  utils.o ABSOLUTE
    ..\\Libraries\\CMSIS\\CM3\\CoreSupport\\core_cm3.c 0x00000000   Number         0  core_cm3.o ABSOLUTE
    cdrcmple.s                               0x00000000   Number         0  cdrcmple.o ABSOLUTE
    dc.s                                     0x00000000   Number         0  dc.o ABSOLUTE
    handlers.s                               0x00000000   Number         0  handlers.o ABSOLUTE
    init.s                                   0x00000000   Number         0  init.o ABSOLUTE
    RESET                                    0x08004400   Section      304  startup_stm32f10x_hd.o(RESET)
    .ARM.Collect$$$$00000000                 0x08004530   Section        0  entry.o(.ARM.Collect$$$$00000000)
    .ARM.Collect$$$$00000001                 0x08004530   Section        4  entry2.o(.ARM.Collect$$$$00000001)
    .ARM.Collect$$$$00000004                 0x08004534   Section        4  entry5.o(.ARM.Collect$$$$00000004)
    .ARM.Collect$$$$00000008                 0x08004538   Section        0  entry7b.o(.ARM.Collect$$$$00000008)
    .ARM.Collect$$$$0000000A                 0x08004538   Section        0  entry8b.o(.ARM.Collect$$$$0000000A)
    .ARM.Collect$$$$0000000B                 0x08004538   Section        8  entry9a.o(.ARM.Collect$$$$0000000B)
    .ARM.Collect$$$$0000000D                 0x08004540   Section        0  entry10a.o(.ARM.Collect$$$$0000000D)
    .ARM.Collect$$$$0000000F                 0x08004540   Section        0  entry11a.o(.ARM.Collect$$$$0000000F)
    .ARM.Collect$$$$00002712                 0x08004540   Section        4  entry2.o(.ARM.Collect$$$$00002712)
    __lit__00000000                          0x08004540   Data           4  entry2.o(.ARM.Collect$$$$00002712)
    .emb_text                                0x08004544   Section       32  core_cm3.o(.emb_text)
    .text                                    0x08004564   Section        0  main.o(.text)
    task1                                    0x080047f7   Thumb Code   168  main.o(.text)
    task2                                    0x0800495f   Thumb Code   680  main.o(.text)
    task3                                    0x08004c35   Thumb Code   134  main.o(.text)
    task4                                    0x08004cbb   Thumb Code    38  main.o(.text)
    startup_task                             0x08004ce1   Thumb Code   128  main.o(.text)
    init_Cabinetinfo                         0x08004e1f   Thumb Code   100  main.o(.text)
    .text                                    0x08004f1c   Section        0  stm32f10x_it.o(.text)
    .text                                    0x08004fbc   Section        0  uart_printf.o(.text)
    .text                                    0x080050c8   Section        0  ds18b20.o(.text)
    .text                                    0x08005474   Section        0  uart1_dma.o(.text)
    USART1_Init                              0x08005503   Thumb Code    42  uart1_dma.o(.text)
    DMA1_USART1_TX_Init                      0x0800552d   Thumb Code   114  uart1_dma.o(.text)
    DMA1_USART1_RX_Init                      0x0800559f   Thumb Code   112  uart1_dma.o(.text)
    USART1_Config                            0x0800560f   Thumb Code   138  uart1_dma.o(.text)
    .text                                    0x080056ac   Section        0  cabinet.o(.text)
    .text                                    0x08005ab8   Section        0  dataflash.o(.text)
    .text                                    0x08005bcc   Section        0  utils.o(.text)
    .text                                    0x08005c34   Section        0  misc.o(.text)
    .text                                    0x08005ce4   Section        0  stm32f10x_gpio.o(.text)
    .text                                    0x08005f50   Section        0  stm32f10x_rcc.o(.text)
    .text                                    0x08006204   Section        0  stm32f10x_usart.o(.text)
    .text                                    0x0800652c   Section        0  stm32f10x_dma.o(.text)
    .text                                    0x080066f4   Section        0  stm32f10x_flash.o(.text)
    .text                                    0x08006b70   Section        0  os_core.o(.text)
    OS_SchedNew                              0x08007081   Thumb Code    24  os_core.o(.text)
    .text                                    0x080070a4   Section        0  os_sem.o(.text)
    .text                                    0x080073c0   Section        0  os_task.o(.text)
    .text                                    0x08007710   Section        0  os_time.o(.text)
    .text                                    0x0800776c   Section        0  os_cpu_c.o(.text)
    .text                                    0x080077f0   Section      164  os_cpu_a.o(.text)
    .text                                    0x08007894   Section       36  startup_stm32f10x_hd.o(.text)
    .text                                    0x080078b8   Section        0  system_stm32f10x.o(.text)
    SetSysClockTo72                          0x080078b9   Thumb Code   160  system_stm32f10x.o(.text)
    .text                                    0x08007a0c   Section        0  memseta.o(.text)
    .text                                    0x08007a30   Section        0  dmul.o(.text)
    .text                                    0x08007b14   Section        0  dflti.o(.text)
    .text                                    0x08007b36   Section        0  dfixi.o(.text)
    .text                                    0x08007b74   Section        0  uidiv.o(.text)
    .text                                    0x08007ba0   Section        0  uldiv.o(.text)
    .text                                    0x08007c02   Section        0  llushr.o(.text)
    .text                                    0x08007c22   Section        0  depilogue.o(.text)
    .text                                    0x08007c22   Section        0  iusefp.o(.text)
    .text                                    0x08007cd8   Section        0  dadd.o(.text)
    .text                                    0x08007e26   Section        0  ddiv.o(.text)
    .text                                    0x08007f04   Section        0  dfixul.o(.text)
    .text                                    0x08007f34   Section       40  cdrcmple.o(.text)
    .text                                    0x08007f5c   Section       36  init.o(.text)
    .text                                    0x08007f80   Section        0  llshl.o(.text)
    .text                                    0x08007f9e   Section        0  llsshr.o(.text)
    .text                                    0x08007fc2   Section        0  __dczerorl2.o(.text)
    i.__0printf                              0x08008018   Section        0  printfa.o(i.__0printf)
    i.__0sprintf$5                           0x08008038   Section        0  printf5.o(i.__0sprintf$5)
    i.__scatterload_copy                     0x08008060   Section       14  handlers.o(i.__scatterload_copy)
    i.__scatterload_null                     0x0800806e   Section        2  handlers.o(i.__scatterload_null)
    i.__scatterload_zeroinit                 0x08008070   Section       14  handlers.o(i.__scatterload_zeroinit)
    i._fp_digits                             0x08008080   Section        0  printfa.o(i._fp_digits)
    _fp_digits                               0x08008081   Thumb Code   334  printfa.o(i._fp_digits)
    i._printf_core                           0x080081e4   Section        0  printf5.o(i._printf_core)
    _printf_core                             0x080081e5   Thumb Code   654  printf5.o(i._printf_core)
    i._printf_core                           0x080084a0   Section        0  printfa.o(i._printf_core)
    _printf_core                             0x080084a1   Thumb Code  1744  printfa.o(i._printf_core)
    i._printf_post_padding                   0x08008b7c   Section        0  printfa.o(i._printf_post_padding)
    _printf_post_padding                     0x08008b7d   Thumb Code    36  printfa.o(i._printf_post_padding)
    i._printf_pre_padding                    0x08008ba0   Section        0  printfa.o(i._printf_pre_padding)
    _printf_pre_padding                      0x08008ba1   Thumb Code    46  printfa.o(i._printf_pre_padding)
    i._sputc                                 0x08008bce   Section        0  printf5.o(i._sputc)
    _sputc                                   0x08008bcf   Thumb Code    10  printf5.o(i._sputc)
    .constdata                               0x08008bd8   Section      256  os_core.o(.constdata)
    .data                                    0x20000000   Section       32  main.o(.data)
    PadOnline                                0x20000004   Data           4  main.o(.data)
    ONLINE                                   0x20000014   Data           6  main.o(.data)
    FanState                                 0x2000001a   Data           6  main.o(.data)
    .data                                    0x20000020   Section        8  ds18b20.o(.data)
    cpu_sr                                   0x20000020   Data           4  ds18b20.o(.data)
    DQ_index                                 0x20000024   Data           4  ds18b20.o(.data)
    .data                                    0x20000028   Section        4  uart1_dma.o(.data)
    .data                                    0x2000002c   Section        4  uart1_dma.o(.data)
    .data                                    0x20000030   Section        4  uart1_dma.o(.data)
    .data                                    0x20000034   Section      472  cabinet.o(.data)
    .data                                    0x2000020c   Section       20  stm32f10x_rcc.o(.data)
    ADCPrescTable                            0x2000020c   Data           4  stm32f10x_rcc.o(.data)
    APBAHBPrescTable                         0x20000210   Data          16  stm32f10x_rcc.o(.data)
    .data                                    0x20000220   Section       40  os_core.o(.data)
    .data                                    0x20000248   Section       20  system_stm32f10x.o(.data)
    .data                                    0x2000025c   Section        4  stdout.o(.data)
    .bss                                     0x20000260   Section    50300  main.o(.bss)
    ROM_ID                                   0x20000260   Data         384  main.o(.bss)
    ROM_ID_current                           0x200003e0   Data         128  main.o(.bss)
    Temperatures                             0x20000460   Data          96  main.o(.bss)
    startup_task_stk                         0x200004c0   Data        4096  main.o(.bss)
    task1_stk                                0x200014c0   Data       20480  main.o(.bss)
    task2_stk                                0x200064c0   Data       20480  main.o(.bss)
    task3_stk                                0x2000b4c0   Data         512  main.o(.bss)
    task4_stk                                0x2000b6c0   Data        4096  main.o(.bss)
    .bss                                     0x2000c6dc   Section       10  uart1_dma.o(.bss)
    .bss                                     0x2000c6e8   Section     2640  os_core.o(.bss)
    STACK                                    0x2000d138   Section     1024  startup_stm32f10x_hd.o(STACK)

    Global Symbols

    Symbol Name                              Value     Ov Type        Size  Object(Section)

    BuildAttributes$$THM_ISAv4$P$D$K$B$S$PE$A:L22UL41UL21$X:L11$S22US41US21$IEEE1$IW$USESV6$~STKCKD$USESV7$~SHL$OSPACE$ROPI$EBA8$MICROLIB$REQ8$PRES8$EABIv2 0x00000000   Number         0  anon$$obj.o ABSOLUTE
    __ARM_use_no_argv                        0x00000000   Number         0  main.o ABSOLUTE
    _printf_a                                0x00000000   Number         0  stubs.o ABSOLUTE
    _printf_c                                0x00000000   Number         0  stubs.o ABSOLUTE
    _printf_charcount                        0x00000000   Number         0  stubs.o ABSOLUTE
    _printf_d                                0x00000000   Number         0  stubs.o ABSOLUTE
    _printf_e                                0x00000000   Number         0  stubs.o ABSOLUTE
    _printf_f                                0x00000000   Number         0  stubs.o ABSOLUTE
    _printf_flags                            0x00000000   Number         0  stubs.o ABSOLUTE
    _printf_fp_dec                           0x00000000   Number         0  stubs.o ABSOLUTE
    _printf_fp_hex                           0x00000000   Number         0  stubs.o ABSOLUTE
    _printf_g                                0x00000000   Number         0  stubs.o ABSOLUTE
    _printf_i                                0x00000000   Number         0  stubs.o ABSOLUTE
    _printf_int_dec                          0x00000000   Number         0  stubs.o ABSOLUTE
    _printf_l                                0x00000000   Number         0  stubs.o ABSOLUTE
    _printf_lc                               0x00000000   Number         0  stubs.o ABSOLUTE
    _printf_ll                               0x00000000   Number         0  stubs.o ABSOLUTE
    _printf_lld                              0x00000000   Number         0  stubs.o ABSOLUTE
    _printf_lli                              0x00000000   Number         0  stubs.o ABSOLUTE
    _printf_llo                              0x00000000   Number         0  stubs.o ABSOLUTE
    _printf_llu                              0x00000000   Number         0  stubs.o ABSOLUTE
    _printf_llx                              0x00000000   Number         0  stubs.o ABSOLUTE
    _printf_longlong_dec                     0x00000000   Number         0  stubs.o ABSOLUTE
    _printf_longlong_hex                     0x00000000   Number         0  stubs.o ABSOLUTE
    _printf_longlong_oct                     0x00000000   Number         0  stubs.o ABSOLUTE
    _printf_ls                               0x00000000   Number         0  stubs.o ABSOLUTE
    _printf_mbtowc                           0x00000000   Number         0  stubs.o ABSOLUTE
    _printf_n                                0x00000000   Number         0  stubs.o ABSOLUTE
    _printf_o                                0x00000000   Number         0  stubs.o ABSOLUTE
    _printf_p                                0x00000000   Number         0  stubs.o ABSOLUTE
    _printf_percent                          0x00000000   Number         0  stubs.o ABSOLUTE
    _printf_pre_padding                      0x00000000   Number         0  stubs.o ABSOLUTE
    _printf_return_value                     0x00000000   Number         0  stubs.o ABSOLUTE
    _printf_s                                0x00000000   Number         0  stubs.o ABSOLUTE
    _printf_sizespec                         0x00000000   Number         0  stubs.o ABSOLUTE
    _printf_str                              0x00000000   Number         0  stubs.o ABSOLUTE
    _printf_truncate_signed                  0x00000000   Number         0  stubs.o ABSOLUTE
    _printf_truncate_unsigned                0x00000000   Number         0  stubs.o ABSOLUTE
    _printf_u                                0x00000000   Number         0  stubs.o ABSOLUTE
    _printf_wc                               0x00000000   Number         0  stubs.o ABSOLUTE
    _printf_wctomb                           0x00000000   Number         0  stubs.o ABSOLUTE
    _printf_widthprec                        0x00000000   Number         0  stubs.o ABSOLUTE
    _printf_x                                0x00000000   Number         0  stubs.o ABSOLUTE
    __cpp_initialize__aeabi_                  - Undefined Weak Reference
    __cxa_finalize                            - Undefined Weak Reference
    _clock_init                               - Undefined Weak Reference
    _microlib_exit                            - Undefined Weak Reference
    __Vectors_Size                           0x00000130   Number         0  startup_stm32f10x_hd.o ABSOLUTE
    __Vectors                                0x08004400   Data           4  startup_stm32f10x_hd.o(RESET)
    __Vectors_End                            0x08004530   Data           0  startup_stm32f10x_hd.o(RESET)
    __main                                   0x08004531   Thumb Code     0  entry.o(.ARM.Collect$$$$00000000)
    _main_stk                                0x08004531   Thumb Code     0  entry2.o(.ARM.Collect$$$$00000001)
    _main_scatterload                        0x08004535   Thumb Code     0  entry5.o(.ARM.Collect$$$$00000004)
    __main_after_scatterload                 0x08004539   Thumb Code     0  entry5.o(.ARM.Collect$$$$00000004)
    _main_clock                              0x08004539   Thumb Code     0  entry7b.o(.ARM.Collect$$$$00000008)
    _main_cpp_init                           0x08004539   Thumb Code     0  entry8b.o(.ARM.Collect$$$$0000000A)
    _main_init                               0x08004539   Thumb Code     0  entry9a.o(.ARM.Collect$$$$0000000B)
    __rt_final_cpp                           0x08004541   Thumb Code     0  entry10a.o(.ARM.Collect$$$$0000000D)
    __rt_final_exit                          0x08004541   Thumb Code     0  entry11a.o(.ARM.Collect$$$$0000000F)
    __get_PSP                                0x08004545   Thumb Code     6  core_cm3.o(.emb_text)
    __set_PSP                                0x0800454b   Thumb Code     6  core_cm3.o(.emb_text)
    __get_MSP                                0x08004551   Thumb Code     6  core_cm3.o(.emb_text)
    __set_MSP                                0x08004557   Thumb Code     6  core_cm3.o(.emb_text)
    __REV16                                  0x0800455d   Thumb Code     4  core_cm3.o(.emb_text)
    __REVSH                                  0x08004561   Thumb Code     4  core_cm3.o(.emb_text)
    gettemperature                           0x08004565   Thumb Code    50  main.o(.text)
    opendoor                                 0x08004597   Thumb Code    28  main.o(.text)
    openfan                                  0x080045b3   Thumb Code     6  main.o(.text)
    Get_Crc8                                 0x080045b9   Thumb Code    48  main.o(.text)
    Clean_ROM                                0x080045e9   Thumb Code    14  main.o(.text)
    SetBit                                   0x080045f7   Thumb Code    12  main.o(.text)
    CleanBit                                 0x08004603   Thumb Code    12  main.o(.text)
    isTheSameID                              0x0800460f   Thumb Code    26  main.o(.text)
    CabinetDeviecsChange                     0x08004629   Thumb Code   128  main.o(.text)
    cp_rom_id                                0x080046a9   Thumb Code    14  main.o(.text)
    CrcCheck                                 0x080046b7   Thumb Code    54  main.o(.text)
    CheckCabinetDeviecsChange                0x080046ed   Thumb Code   266  main.o(.text)
    GetMicro2MainDate                        0x0800489f   Thumb Code   154  main.o(.text)
    ChechMain2MicroDate                      0x08004939   Thumb Code    38  main.o(.text)
    NVIC_DeInit                              0x08004c07   Thumb Code    46  main.o(.text)
    RCC_Configuration                        0x08004d61   Thumb Code    86  main.o(.text)
    main                                     0x08004db7   Thumb Code   104  main.o(.text)
    NMI_Handler                              0x08004f1d   Thumb Code     2  stm32f10x_it.o(.text)
    HardFault_Handler                        0x08004f1f   Thumb Code     2  stm32f10x_it.o(.text)
    MemManage_Handler                        0x08004f21   Thumb Code     2  stm32f10x_it.o(.text)
    BusFault_Handler                         0x08004f23   Thumb Code     2  stm32f10x_it.o(.text)
    UsageFault_Handler                       0x08004f25   Thumb Code     2  stm32f10x_it.o(.text)
    SVC_Handler                              0x08004f27   Thumb Code     2  stm32f10x_it.o(.text)
    DebugMon_Handler                         0x08004f29   Thumb Code     2  stm32f10x_it.o(.text)
    PendSV_Handler                           0x08004f2b   Thumb Code     2  stm32f10x_it.o(.text)
    SysTick_Handler                          0x08004f2d   Thumb Code    18  stm32f10x_it.o(.text)
    DMA1_Channel5_IRQHandler                 0x08004f3f   Thumb Code    44  stm32f10x_it.o(.text)
    DMA1_Channel4_IRQHandler                 0x08004f6b   Thumb Code    40  stm32f10x_it.o(.text)
    USART1_IRQHandler                        0x08004f93   Thumb Code     2  stm32f10x_it.o(.text)
    UartInit                                 0x08004fbd   Thumb Code   128  uart_printf.o(.text)
    fputc                                    0x0800503d   Thumb Code    24  uart_printf.o(.text)
    fgetc                                    0x08005055   Thumb Code    26  uart_printf.o(.text)
    GetKey                                   0x0800506f   Thumb Code    20  uart_printf.o(.text)
    uprintf                                  0x08005083   Thumb Code    58  uart_printf.o(.text)
    DS18B20_IO_IN                            0x080050c9   Thumb Code     2  ds18b20.o(.text)
    DS18B20_IO_OUT                           0x080050cb   Thumb Code     2  ds18b20.o(.text)
    Set_DS18B20_DQ_OUT                       0x080050cd   Thumb Code    20  ds18b20.o(.text)
    Clr_DS18B20_DQ_OUT                       0x080050e1   Thumb Code    20  ds18b20.o(.text)
    DS18B20_DQ_IN                            0x080050f5   Thumb Code    20  ds18b20.o(.text)
    delay_us                                 0x08005109   Thumb Code    46  ds18b20.o(.text)
    DS18B20_Rst                              0x08005137   Thumb Code    88  ds18b20.o(.text)
    DS18B20_Read_Bit                         0x0800518f   Thumb Code    44  ds18b20.o(.text)
    DS18B20_Read_Byte                        0x080051bb   Thumb Code    30  ds18b20.o(.text)
    DS18B20_Write_Bit                        0x080051d9   Thumb Code    44  ds18b20.o(.text)
    DS18B20_Write_Byte                       0x08005205   Thumb Code    66  ds18b20.o(.text)
    delay_us_0                               0x08005247   Thumb Code    14  ds18b20.o(.text)
    delay_ms                                 0x08005255   Thumb Code    26  ds18b20.o(.text)
    selectDQ                                 0x0800526f   Thumb Code     6  ds18b20.o(.text)
    test_DQ_clk                              0x08005275   Thumb Code    22  ds18b20.o(.text)
    Search_Rom                               0x0800528b   Thumb Code   294  ds18b20.o(.text)
    DS18B20_Start                            0x080053b1   Thumb Code    20  ds18b20.o(.text)
    DS18B20_Get_Temp_ROM                     0x080053c5   Thumb Code   160  ds18b20.o(.text)
    DS18B20_Init                             0x08005465   Thumb Code     2  ds18b20.o(.text)
    DMA1_USART1_Init                         0x08005475   Thumb Code    18  uart1_dma.o(.text)
    DMA1_USART1_RX_reset                     0x08005487   Thumb Code    36  uart1_dma.o(.text)
    USART1_Send_Buf                          0x080054ab   Thumb Code    88  uart1_dma.o(.text)
    WaitDateFor573                           0x080056ad   Thumb Code    18  cabinet.o(.text)
    Cabinet_GPIO_SetBit                      0x080056bf   Thumb Code    18  cabinet.o(.text)
    DBUS_init                                0x080056d1   Thumb Code   172  cabinet.o(.text)
    SetDBUS                                  0x0800577d   Thumb Code    48  cabinet.o(.text)
    GetDBUS                                  0x080057ad   Thumb Code    88  cabinet.o(.text)
    CabinetDeviec_GPIO_Init                  0x08005805   Thumb Code   210  cabinet.o(.text)
    Ds18b20_Gpio_Ini                         0x080058d7   Thumb Code    50  cabinet.o(.text)
    CabinetDeviec_Init                       0x08005909   Thumb Code   142  cabinet.o(.text)
    CabinetDeviec_setDoor                    0x08005997   Thumb Code    72  cabinet.o(.text)
    CabinetDeviec_setFan                     0x080059df   Thumb Code    72  cabinet.o(.text)
    CabinetDeviec_getState                   0x08005a27   Thumb Code   102  cabinet.o(.text)
    Flash_Write_Without_check                0x08005ab9   Thumb Code    54  dataflash.o(.text)
    Flash_Read                               0x08005aef   Thumb Code    24  dataflash.o(.text)
    Flash_Write                              0x08005b07   Thumb Code   198  dataflash.o(.text)
    reverse                                  0x08005bcd   Thumb Code    22  utils.o(.text)
    moveLeftK                                0x08005be3   Thumb Code    38  utils.o(.text)
    findPPA                                  0x08005c09   Thumb Code    42  utils.o(.text)
    NVIC_PriorityGroupConfig                 0x08005c35   Thumb Code    10  misc.o(.text)
    NVIC_Init                                0x08005c3f   Thumb Code    94  misc.o(.text)
    NVIC_SetVectorTable                      0x08005c9d   Thumb Code    14  misc.o(.text)
    NVIC_SystemLPConfig                      0x08005cab   Thumb Code    20  misc.o(.text)
    SysTick_CLKSourceConfig                  0x08005cbf   Thumb Code    24  misc.o(.text)
    GPIO_DeInit                              0x08005ce5   Thumb Code   152  stm32f10x_gpio.o(.text)
    GPIO_AFIODeInit                          0x08005d7d   Thumb Code    22  stm32f10x_gpio.o(.text)
    GPIO_Init                                0x08005d93   Thumb Code   164  stm32f10x_gpio.o(.text)
    GPIO_StructInit                          0x08005e37   Thumb Code    16  stm32f10x_gpio.o(.text)
    GPIO_ReadInputDataBit                    0x08005e47   Thumb Code    14  stm32f10x_gpio.o(.text)
    GPIO_ReadInputData                       0x08005e55   Thumb Code     6  stm32f10x_gpio.o(.text)
    GPIO_ReadOutputDataBit                   0x08005e5b   Thumb Code    14  stm32f10x_gpio.o(.text)
    GPIO_ReadOutputData                      0x08005e69   Thumb Code     6  stm32f10x_gpio.o(.text)
    GPIO_SetBits                             0x08005e6f   Thumb Code     4  stm32f10x_gpio.o(.text)
    GPIO_ResetBits                           0x08005e73   Thumb Code     4  stm32f10x_gpio.o(.text)
    GPIO_WriteBit                            0x08005e77   Thumb Code    10  stm32f10x_gpio.o(.text)
    GPIO_Write                               0x08005e81   Thumb Code     4  stm32f10x_gpio.o(.text)
    GPIO_PinLockConfig                       0x08005e85   Thumb Code    16  stm32f10x_gpio.o(.text)
    GPIO_EventOutputConfig                   0x08005e95   Thumb Code    22  stm32f10x_gpio.o(.text)
    GPIO_EventOutputCmd                      0x08005eab   Thumb Code     6  stm32f10x_gpio.o(.text)
    GPIO_PinRemapConfig                      0x08005eb1   Thumb Code    82  stm32f10x_gpio.o(.text)
    GPIO_EXTILineConfig                      0x08005f03   Thumb Code    34  stm32f10x_gpio.o(.text)
    GPIO_ETH_MediaInterfaceConfig            0x08005f25   Thumb Code     8  stm32f10x_gpio.o(.text)
    RCC_DeInit                               0x08005f51   Thumb Code    50  stm32f10x_rcc.o(.text)
    RCC_HSEConfig                            0x08005f83   Thumb Code    48  stm32f10x_rcc.o(.text)
    RCC_GetFlagStatus                        0x08005fb3   Thumb Code    42  stm32f10x_rcc.o(.text)
    RCC_WaitForHSEStartUp                    0x08005fdd   Thumb Code    44  stm32f10x_rcc.o(.text)
    RCC_AdjustHSICalibrationValue            0x08006009   Thumb Code    16  stm32f10x_rcc.o(.text)
    RCC_HSICmd                               0x08006019   Thumb Code     6  stm32f10x_rcc.o(.text)
    RCC_PLLConfig                            0x0800601f   Thumb Code    16  stm32f10x_rcc.o(.text)
    RCC_PLLCmd                               0x0800602f   Thumb Code     6  stm32f10x_rcc.o(.text)
    RCC_SYSCLKConfig                         0x08006035   Thumb Code    14  stm32f10x_rcc.o(.text)
    RCC_GetSYSCLKSource                      0x08006043   Thumb Code    10  stm32f10x_rcc.o(.text)
    RCC_HCLKConfig                           0x0800604d   Thumb Code    14  stm32f10x_rcc.o(.text)
    RCC_PCLK1Config                          0x0800605b   Thumb Code    14  stm32f10x_rcc.o(.text)
    RCC_PCLK2Config                          0x08006069   Thumb Code    16  stm32f10x_rcc.o(.text)
    RCC_ITConfig                             0x08006079   Thumb Code    18  stm32f10x_rcc.o(.text)
    RCC_USBCLKConfig                         0x0800608b   Thumb Code     8  stm32f10x_rcc.o(.text)
    RCC_ADCCLKConfig                         0x08006093   Thumb Code    14  stm32f10x_rcc.o(.text)
    RCC_LSEConfig                            0x080060a1   Thumb Code    28  stm32f10x_rcc.o(.text)
    RCC_LSICmd                               0x080060bd   Thumb Code     6  stm32f10x_rcc.o(.text)
    RCC_RTCCLKConfig                         0x080060c3   Thumb Code    10  stm32f10x_rcc.o(.text)
    RCC_RTCCLKCmd                            0x080060cd   Thumb Code     8  stm32f10x_rcc.o(.text)
    RCC_GetClocksFreq                        0x080060d5   Thumb Code   128  stm32f10x_rcc.o(.text)
    RCC_AHBPeriphClockCmd                    0x08006155   Thumb Code    18  stm32f10x_rcc.o(.text)
    RCC_APB2PeriphClockCmd                   0x08006167   Thumb Code    18  stm32f10x_rcc.o(.text)
    RCC_APB1PeriphClockCmd                   0x08006179   Thumb Code    18  stm32f10x_rcc.o(.text)
    RCC_APB2PeriphResetCmd                   0x0800618b   Thumb Code    18  stm32f10x_rcc.o(.text)
    RCC_APB1PeriphResetCmd                   0x0800619d   Thumb Code    18  stm32f10x_rcc.o(.text)
    RCC_BackupResetCmd                       0x080061af   Thumb Code     8  stm32f10x_rcc.o(.text)
    RCC_ClockSecuritySystemCmd               0x080061b7   Thumb Code     6  stm32f10x_rcc.o(.text)
    RCC_MCOConfig                            0x080061bd   Thumb Code     6  stm32f10x_rcc.o(.text)
    RCC_ClearFlag                            0x080061c3   Thumb Code    12  stm32f10x_rcc.o(.text)
    RCC_GetITStatus                          0x080061cf   Thumb Code    16  stm32f10x_rcc.o(.text)
    RCC_ClearITPendingBit                    0x080061df   Thumb Code     6  stm32f10x_rcc.o(.text)
    USART_DeInit                             0x08006205   Thumb Code    96  stm32f10x_usart.o(.text)
    USART_Init                               0x08006265   Thumb Code   166  stm32f10x_usart.o(.text)
    USART_StructInit                         0x0800630b   Thumb Code    22  stm32f10x_usart.o(.text)
    USART_ClockInit                          0x08006321   Thumb Code    30  stm32f10x_usart.o(.text)
    USART_ClockStructInit                    0x0800633f   Thumb Code    12  stm32f10x_usart.o(.text)
    USART_Cmd                                0x0800634b   Thumb Code    20  stm32f10x_usart.o(.text)
    USART_ITConfig                           0x0800635f   Thumb Code    48  stm32f10x_usart.o(.text)
    USART_DMACmd                             0x0800638f   Thumb Code    16  stm32f10x_usart.o(.text)
    USART_SetAddress                         0x0800639f   Thumb Code    16  stm32f10x_usart.o(.text)
    USART_WakeUpConfig                       0x080063af   Thumb Code    16  stm32f10x_usart.o(.text)
    USART_ReceiverWakeUpCmd                  0x080063bf   Thumb Code    20  stm32f10x_usart.o(.text)
    USART_LINBreakDetectLengthConfig         0x080063d3   Thumb Code    16  stm32f10x_usart.o(.text)
    USART_LINCmd                             0x080063e3   Thumb Code    20  stm32f10x_usart.o(.text)
    USART_SendData                           0x080063f7   Thumb Code     8  stm32f10x_usart.o(.text)
    USART_ReceiveData                        0x080063ff   Thumb Code     8  stm32f10x_usart.o(.text)
    USART_SendBreak                          0x08006407   Thumb Code    10  stm32f10x_usart.o(.text)
    USART_SetGuardTime                       0x08006411   Thumb Code    16  stm32f10x_usart.o(.text)
    USART_SetPrescaler                       0x08006421   Thumb Code    16  stm32f10x_usart.o(.text)
    USART_SmartCardCmd                       0x08006431   Thumb Code    20  stm32f10x_usart.o(.text)
    USART_SmartCardNACKCmd                   0x08006445   Thumb Code    20  stm32f10x_usart.o(.text)
    USART_HalfDuplexCmd                      0x08006459   Thumb Code    20  stm32f10x_usart.o(.text)
    USART_OverSampling8Cmd                   0x0800646d   Thumb Code    20  stm32f10x_usart.o(.text)
    USART_OneBitMethodCmd                    0x08006481   Thumb Code    20  stm32f10x_usart.o(.text)
    USART_IrDAConfig                         0x08006495   Thumb Code    16  stm32f10x_usart.o(.text)
    USART_IrDACmd                            0x080064a5   Thumb Code    20  stm32f10x_usart.o(.text)
    USART_GetFlagStatus                      0x080064b9   Thumb Code    14  stm32f10x_usart.o(.text)
    USART_ClearFlag                          0x080064c7   Thumb Code     6  stm32f10x_usart.o(.text)
    USART_GetITStatus                        0x080064cd   Thumb Code    62  stm32f10x_usart.o(.text)
    USART_ClearITPendingBit                  0x0800650b   Thumb Code    12  stm32f10x_usart.o(.text)
    DMA_DeInit                               0x0800652d   Thumb Code   218  stm32f10x_dma.o(.text)
    DMA_Init                                 0x08006607   Thumb Code    58  stm32f10x_dma.o(.text)
    DMA_StructInit                           0x08006641   Thumb Code    26  stm32f10x_dma.o(.text)
    DMA_Cmd                                  0x0800665b   Thumb Code    22  stm32f10x_dma.o(.text)
    DMA_ITConfig                             0x08006671   Thumb Code    16  stm32f10x_dma.o(.text)
    DMA_SetCurrDataCounter                   0x08006681   Thumb Code     4  stm32f10x_dma.o(.text)
    DMA_GetCurrDataCounter                   0x08006685   Thumb Code     6  stm32f10x_dma.o(.text)
    DMA_GetFlagStatus                        0x0800668b   Thumb Code    28  stm32f10x_dma.o(.text)
    DMA_ClearFlag                            0x080066a7   Thumb Code    20  stm32f10x_dma.o(.text)
    DMA_GetITStatus                          0x080066bb   Thumb Code    28  stm32f10x_dma.o(.text)
    DMA_ClearITPendingBit                    0x080066d7   Thumb Code    20  stm32f10x_dma.o(.text)
    FLASH_SetLatency                         0x080066f5   Thumb Code    14  stm32f10x_flash.o(.text)
    FLASH_HalfCycleAccessCmd                 0x08006703   Thumb Code    18  stm32f10x_flash.o(.text)
    FLASH_PrefetchBufferCmd                  0x08006715   Thumb Code    18  stm32f10x_flash.o(.text)
    FLASH_Unlock                             0x08006727   Thumb Code    12  stm32f10x_flash.o(.text)
    FLASH_UnlockBank1                        0x08006733   Thumb Code    12  stm32f10x_flash.o(.text)
    FLASH_Lock                               0x0800673f   Thumb Code    12  stm32f10x_flash.o(.text)
    FLASH_LockBank1                          0x0800674b   Thumb Code    12  stm32f10x_flash.o(.text)
    FLASH_GetBank1Status                     0x08006757   Thumb Code    34  stm32f10x_flash.o(.text)
    FLASH_WaitForLastOperation               0x08006779   Thumb Code    36  stm32f10x_flash.o(.text)
    FLASH_ErasePage                          0x0800679d   Thumb Code    56  stm32f10x_flash.o(.text)
    FLASH_EraseAllPages                      0x080067d5   Thumb Code    52  stm32f10x_flash.o(.text)
    FLASH_WaitForLastBank1Operation          0x08006809   Thumb Code    36  stm32f10x_flash.o(.text)
    FLASH_EraseAllBank1Pages                 0x0800682d   Thumb Code    52  stm32f10x_flash.o(.text)
    FLASH_GetReadOutProtectionStatus         0x08006861   Thumb Code    14  stm32f10x_flash.o(.text)
    FLASH_EraseOptionBytes                   0x0800686f   Thumb Code   108  stm32f10x_flash.o(.text)
    FLASH_ProgramWord                        0x080068db   Thumb Code    72  stm32f10x_flash.o(.text)
    FLASH_ProgramHalfWord                    0x08006923   Thumb Code    48  stm32f10x_flash.o(.text)
    FLASH_ProgramOptionByteData              0x08006953   Thumb Code    62  stm32f10x_flash.o(.text)
    FLASH_EnableWriteProtection              0x08006991   Thumb Code   150  stm32f10x_flash.o(.text)
    FLASH_ReadOutProtection                  0x08006a27   Thumb Code   118  stm32f10x_flash.o(.text)
    FLASH_UserOptionByteConfig               0x08006a9d   Thumb Code    92  stm32f10x_flash.o(.text)
    FLASH_GetUserOptionByte                  0x08006af9   Thumb Code     8  stm32f10x_flash.o(.text)
    FLASH_GetWriteProtectionOptionByte       0x08006b01   Thumb Code     6  stm32f10x_flash.o(.text)
    FLASH_GetPrefetchBufferStatus            0x08006b07   Thumb Code    14  stm32f10x_flash.o(.text)
    FLASH_ITConfig                           0x08006b15   Thumb Code    18  stm32f10x_flash.o(.text)
    FLASH_GetFlagStatus                      0x08006b27   Thumb Code    28  stm32f10x_flash.o(.text)
    FLASH_ClearFlag                          0x08006b43   Thumb Code     6  stm32f10x_flash.o(.text)
    FLASH_GetStatus                          0x08006b49   Thumb Code    34  stm32f10x_flash.o(.text)
    OS_StrCopy                               0x08006b71   Thumb Code    30  os_core.o(.text)
    OSEventNameGet                           0x08006b8f   Thumb Code    80  os_core.o(.text)
    OS_StrLen                                0x08006bdf   Thumb Code    20  os_core.o(.text)
    OSEventNameSet                           0x08006bf3   Thumb Code    92  os_core.o(.text)
    OS_TaskIdle                              0x08006c4f   Thumb Code    22  os_core.o(.text)
    OS_MemClr                                0x08006c65   Thumb Code    18  os_core.o(.text)
    OSInit                                   0x08006c77   Thumb Code   236  os_core.o(.text)
    OSIntEnter                               0x08006d63   Thumb Code    20  os_core.o(.text)
    OSIntExit                                0x08006d77   Thumb Code    84  os_core.o(.text)
    OSStart                                  0x08006dcb   Thumb Code    40  os_core.o(.text)
    OSTimeTick                               0x08006df3   Thumb Code   112  os_core.o(.text)
    OSVersion                                0x08006e63   Thumb Code     6  os_core.o(.text)
    OS_Dummy                                 0x08006e69   Thumb Code     2  os_core.o(.text)
    OS_EventTaskRemove                       0x08006e6b   Thumb Code    32  os_core.o(.text)
    OS_EventTaskRdy                          0x08006e8b   Thumb Code    84  os_core.o(.text)
    OS_EventTaskWait                         0x08006edf   Thumb Code    68  os_core.o(.text)
    OS_EventWaitListInit                     0x08006f23   Thumb Code    24  os_core.o(.text)
    OS_MemCopy                               0x08006f3b   Thumb Code    20  os_core.o(.text)
    OS_Sched                                 0x08006f4f   Thumb Code   102  os_core.o(.text)
    OS_TCBInit                               0x08006fb5   Thumb Code   204  os_core.o(.text)
    OSSemAccept                              0x080070a5   Thumb Code    34  os_sem.o(.text)
    OSSemCreate                              0x080070c7   Thumb Code    64  os_sem.o(.text)
    OSSemDel                                 0x08007107   Thumb Code   202  os_sem.o(.text)
    OSSemPend                                0x080071d1   Thumb Code   170  os_sem.o(.text)
    OSSemPendAbort                           0x0800727b   Thumb Code   110  os_sem.o(.text)
    OSSemPost                                0x080072e9   Thumb Code    82  os_sem.o(.text)
    OSSemQuery                               0x0800733b   Thumb Code    64  os_sem.o(.text)
    OSSemSet                                 0x0800737b   Thumb Code    52  os_sem.o(.text)
    OSTaskCreate                             0x080073c1   Thumb Code   124  os_task.o(.text)
    OSTaskCreateExt                          0x0800743d   Thumb Code   136  os_task.o(.text)
    OSTaskDel                                0x080074c5   Thumb Code   260  os_task.o(.text)
    OSTaskDelReq                             0x080075c9   Thumb Code    90  os_task.o(.text)
    OSTaskNameGet                            0x08007623   Thumb Code    92  os_task.o(.text)
    OSTaskNameSet                            0x0800767f   Thumb Code   106  os_task.o(.text)
    OSTimeDly                                0x08007711   Thumb Code    74  os_time.o(.text)
    OSInitHookBegin                          0x0800776d   Thumb Code     2  os_cpu_c.o(.text)
    OSInitHookEnd                            0x0800776f   Thumb Code     2  os_cpu_c.o(.text)
    OSTaskCreateHook                         0x08007771   Thumb Code     2  os_cpu_c.o(.text)
    OSTaskDelHook                            0x08007773   Thumb Code     2  os_cpu_c.o(.text)
    OSTaskIdleHook                           0x08007775   Thumb Code     2  os_cpu_c.o(.text)
    OSTaskStatHook                           0x08007777   Thumb Code     2  os_cpu_c.o(.text)
    OSTaskStkInit                            0x08007779   Thumb Code   116  os_cpu_c.o(.text)
    OSTaskSwHook                             0x080077ed   Thumb Code     2  os_cpu_c.o(.text)
    OSTCBInitHook                            0x080077ef   Thumb Code     2  os_cpu_c.o(.text)
    OS_CPU_SR_Save                           0x080077f1   Thumb Code     0  os_cpu_a.o(.text)
    OS_CPU_SR_Restore                        0x080077f9   Thumb Code     0  os_cpu_a.o(.text)
    OSStartHighRdy                           0x080077ff   Thumb Code     0  os_cpu_a.o(.text)
    OSCtxSw                                  0x0800781f   Thumb Code     0  os_cpu_a.o(.text)
    OSIntCtxSw                               0x08007829   Thumb Code     0  os_cpu_a.o(.text)
    OS_CPU_PendSVHandler                     0x08007833   Thumb Code     0  os_cpu_a.o(.text)
    Reset_Handler                            0x08007895   Thumb Code     8  startup_stm32f10x_hd.o(.text)
    ADC1_2_IRQHandler                        0x080078af   Thumb Code     0  startup_stm32f10x_hd.o(.text)
    ADC3_IRQHandler                          0x080078af   Thumb Code     0  startup_stm32f10x_hd.o(.text)
    CAN1_RX1_IRQHandler                      0x080078af   Thumb Code     0  startup_stm32f10x_hd.o(.text)
    CAN1_SCE_IRQHandler                      0x080078af   Thumb Code     0  startup_stm32f10x_hd.o(.text)
    DMA1_Channel1_IRQHandler                 0x080078af   Thumb Code     0  startup_stm32f10x_hd.o(.text)
    DMA1_Channel2_IRQHandler                 0x080078af   Thumb Code     0  startup_stm32f10x_hd.o(.text)
    DMA1_Channel3_IRQHandler                 0x080078af   Thumb Code     0  startup_stm32f10x_hd.o(.text)
    DMA1_Channel6_IRQHandler                 0x080078af   Thumb Code     0  startup_stm32f10x_hd.o(.text)
    DMA1_Channel7_IRQHandler                 0x080078af   Thumb Code     0  startup_stm32f10x_hd.o(.text)
    DMA2_Channel1_IRQHandler                 0x080078af   Thumb Code     0  startup_stm32f10x_hd.o(.text)
    DMA2_Channel2_IRQHandler                 0x080078af   Thumb Code     0  startup_stm32f10x_hd.o(.text)
    DMA2_Channel3_IRQHandler                 0x080078af   Thumb Code     0  startup_stm32f10x_hd.o(.text)
    DMA2_Channel4_5_IRQHandler               0x080078af   Thumb Code     0  startup_stm32f10x_hd.o(.text)
    EXTI0_IRQHandler                         0x080078af   Thumb Code     0  startup_stm32f10x_hd.o(.text)
    EXTI15_10_IRQHandler                     0x080078af   Thumb Code     0  startup_stm32f10x_hd.o(.text)
    EXTI1_IRQHandler                         0x080078af   Thumb Code     0  startup_stm32f10x_hd.o(.text)
    EXTI2_IRQHandler                         0x080078af   Thumb Code     0  startup_stm32f10x_hd.o(.text)
    EXTI3_IRQHandler                         0x080078af   Thumb Code     0  startup_stm32f10x_hd.o(.text)
    EXTI4_IRQHandler                         0x080078af   Thumb Code     0  startup_stm32f10x_hd.o(.text)
    EXTI9_5_IRQHandler                       0x080078af   Thumb Code     0  startup_stm32f10x_hd.o(.text)
    FLASH_IRQHandler                         0x080078af   Thumb Code     0  startup_stm32f10x_hd.o(.text)
    FSMC_IRQHandler                          0x080078af   Thumb Code     0  startup_stm32f10x_hd.o(.text)
    I2C1_ER_IRQHandler                       0x080078af   Thumb Code     0  startup_stm32f10x_hd.o(.text)
    I2C1_EV_IRQHandler                       0x080078af   Thumb Code     0  startup_stm32f10x_hd.o(.text)
    I2C2_ER_IRQHandler                       0x080078af   Thumb Code     0  startup_stm32f10x_hd.o(.text)
    I2C2_EV_IRQHandler                       0x080078af   Thumb Code     0  startup_stm32f10x_hd.o(.text)
    PVD_IRQHandler                           0x080078af   Thumb Code     0  startup_stm32f10x_hd.o(.text)
    RCC_IRQHandler                           0x080078af   Thumb Code     0  startup_stm32f10x_hd.o(.text)
    RTCAlarm_IRQHandler                      0x080078af   Thumb Code     0  startup_stm32f10x_hd.o(.text)
    RTC_IRQHandler                           0x080078af   Thumb Code     0  startup_stm32f10x_hd.o(.text)
    SDIO_IRQHandler                          0x080078af   Thumb Code     0  startup_stm32f10x_hd.o(.text)
    SPI1_IRQHandler                          0x080078af   Thumb Code     0  startup_stm32f10x_hd.o(.text)
    SPI2_IRQHandler                          0x080078af   Thumb Code     0  startup_stm32f10x_hd.o(.text)
    SPI3_IRQHandler                          0x080078af   Thumb Code     0  startup_stm32f10x_hd.o(.text)
    TAMPER_IRQHandler                        0x080078af   Thumb Code     0  startup_stm32f10x_hd.o(.text)
    TIM1_BRK_IRQHandler                      0x080078af   Thumb Code     0  startup_stm32f10x_hd.o(.text)
    TIM1_CC_IRQHandler                       0x080078af   Thumb Code     0  startup_stm32f10x_hd.o(.text)
    TIM1_TRG_COM_IRQHandler                  0x080078af   Thumb Code     0  startup_stm32f10x_hd.o(.text)
    TIM1_UP_IRQHandler                       0x080078af   Thumb Code     0  startup_stm32f10x_hd.o(.text)
    TIM2_IRQHandler                          0x080078af   Thumb Code     0  startup_stm32f10x_hd.o(.text)
    TIM3_IRQHandler                          0x080078af   Thumb Code     0  startup_stm32f10x_hd.o(.text)
    TIM4_IRQHandler                          0x080078af   Thumb Code     0  startup_stm32f10x_hd.o(.text)
    TIM5_IRQHandler                          0x080078af   Thumb Code     0  startup_stm32f10x_hd.o(.text)
    TIM6_IRQHandler                          0x080078af   Thumb Code     0  startup_stm32f10x_hd.o(.text)
    TIM7_IRQHandler                          0x080078af   Thumb Code     0  startup_stm32f10x_hd.o(.text)
    TIM8_BRK_IRQHandler                      0x080078af   Thumb Code     0  startup_stm32f10x_hd.o(.text)
    TIM8_CC_IRQHandler                       0x080078af   Thumb Code     0  startup_stm32f10x_hd.o(.text)
    TIM8_TRG_COM_IRQHandler                  0x080078af   Thumb Code     0  startup_stm32f10x_hd.o(.text)
    TIM8_UP_IRQHandler                       0x080078af   Thumb Code     0  startup_stm32f10x_hd.o(.text)
    UART4_IRQHandler                         0x080078af   Thumb Code     0  startup_stm32f10x_hd.o(.text)
    UART5_IRQHandler                         0x080078af   Thumb Code     0  startup_stm32f10x_hd.o(.text)
    USART2_IRQHandler                        0x080078af   Thumb Code     0  startup_stm32f10x_hd.o(.text)
    USART3_IRQHandler                        0x080078af   Thumb Code     0  startup_stm32f10x_hd.o(.text)
    USBWakeUp_IRQHandler                     0x080078af   Thumb Code     0  startup_stm32f10x_hd.o(.text)
    USB_HP_CAN1_TX_IRQHandler                0x080078af   Thumb Code     0  startup_stm32f10x_hd.o(.text)
    USB_LP_CAN1_RX0_IRQHandler               0x080078af   Thumb Code     0  startup_stm32f10x_hd.o(.text)
    WWDG_IRQHandler                          0x080078af   Thumb Code     0  startup_stm32f10x_hd.o(.text)
    SystemInit                               0x08007959   Thumb Code    64  system_stm32f10x.o(.text)
    SystemCoreClockUpdate                    0x08007999   Thumb Code    84  system_stm32f10x.o(.text)
    __aeabi_memset                           0x08007a0d   Thumb Code    14  memseta.o(.text)
    __aeabi_memset4                          0x08007a0d   Thumb Code     0  memseta.o(.text)
    __aeabi_memset8                          0x08007a0d   Thumb Code     0  memseta.o(.text)
    __aeabi_memclr                           0x08007a1b   Thumb Code     4  memseta.o(.text)
    __aeabi_memclr4                          0x08007a1b   Thumb Code     0  memseta.o(.text)
    __aeabi_memclr8                          0x08007a1b   Thumb Code     0  memseta.o(.text)
    _memset$wrapper                          0x08007a1f   Thumb Code    18  memseta.o(.text)
    __aeabi_dmul                             0x08007a31   Thumb Code   228  dmul.o(.text)
    __aeabi_i2d                              0x08007b15   Thumb Code    34  dflti.o(.text)
    __aeabi_d2iz                             0x08007b37   Thumb Code    62  dfixi.o(.text)
    __aeabi_uidiv                            0x08007b75   Thumb Code     0  uidiv.o(.text)
    __aeabi_uidivmod                         0x08007b75   Thumb Code    44  uidiv.o(.text)
    __aeabi_uldivmod                         0x08007ba1   Thumb Code    98  uldiv.o(.text)
    __aeabi_llsr                             0x08007c03   Thumb Code    32  llushr.o(.text)
    _ll_ushift_r                             0x08007c03   Thumb Code     0  llushr.o(.text)
    __I$use$fp                               0x08007c23   Thumb Code     0  iusefp.o(.text)
    _double_round                            0x08007c23   Thumb Code    26  depilogue.o(.text)
    _double_epilogue                         0x08007c3d   Thumb Code   156  depilogue.o(.text)
    __aeabi_dadd                             0x08007cd9   Thumb Code   322  dadd.o(.text)
    __aeabi_dsub                             0x08007e1b   Thumb Code     6  dadd.o(.text)
    __aeabi_drsub                            0x08007e21   Thumb Code     6  dadd.o(.text)
    __aeabi_ddiv                             0x08007e27   Thumb Code   222  ddiv.o(.text)
    __aeabi_d2ulz                            0x08007f05   Thumb Code    48  dfixul.o(.text)
    __aeabi_cdrcmple                         0x08007f35   Thumb Code    38  cdrcmple.o(.text)
    __scatterload                            0x08007f5d   Thumb Code    28  init.o(.text)
    __scatterload_rt2                        0x08007f5d   Thumb Code     0  init.o(.text)
    __aeabi_llsl                             0x08007f81   Thumb Code    30  llshl.o(.text)
    _ll_shift_l                              0x08007f81   Thumb Code     0  llshl.o(.text)
    __aeabi_lasr                             0x08007f9f   Thumb Code    36  llsshr.o(.text)
    _ll_sshift_r                             0x08007f9f   Thumb Code     0  llsshr.o(.text)
    __decompress                             0x08007fc3   Thumb Code     0  __dczerorl2.o(.text)
    __decompress1                            0x08007fc3   Thumb Code    86  __dczerorl2.o(.text)
    __0printf                                0x08008019   Thumb Code    22  printfa.o(i.__0printf)
    __1printf                                0x08008019   Thumb Code     0  printfa.o(i.__0printf)
    __2printf                                0x08008019   Thumb Code     0  printfa.o(i.__0printf)
    __c89printf                              0x08008019   Thumb Code     0  printfa.o(i.__0printf)
    printf                                   0x08008019   Thumb Code     0  printfa.o(i.__0printf)
    __0sprintf$5                             0x08008039   Thumb Code    34  printf5.o(i.__0sprintf$5)
    __1sprintf$5                             0x08008039   Thumb Code     0  printf5.o(i.__0sprintf$5)
    __2sprintf                               0x08008039   Thumb Code     0  printf5.o(i.__0sprintf$5)
    __scatterload_copy                       0x08008061   Thumb Code    14  handlers.o(i.__scatterload_copy)
    __scatterload_null                       0x0800806f   Thumb Code     2  handlers.o(i.__scatterload_null)
    __scatterload_zeroinit                   0x08008071   Thumb Code    14  handlers.o(i.__scatterload_zeroinit)
    OSUnMapTbl                               0x08008bd8   Data         256  os_core.o(.constdata)
    Region$$Table$$Base                      0x08008cd8   Number         0  anon$$obj.o(Region$$Table)
    Region$$Table$$Limit                     0x08008cf8   Number         0  anon$$obj.o(Region$$Table)
    hotplag                                  0x20000000   Data           1  main.o(.data)
    main2micro                               0x20000008   Data           4  main.o(.data)
    Sem                                      0x2000000c   Data           4  main.o(.data)
    flashdata                                0x20000010   Data           4  main.o(.data)
    USART1_SendBuff                          0x20000028   Data           4  uart1_dma.o(.data)
    Sem_recv                                 0x2000002c   Data           4  uart1_dma.o(.data)
    Sem_send                                 0x20000030   Data           4  uart1_dma.o(.data)
    Sem_err                                  0x20000034   Data           1  cabinet.o(.data)
    stateval                                 0x20000036   Data           2  cabinet.o(.data)
    Sem_DBus                                 0x20000038   Data           4  cabinet.o(.data)
    DBUS_L_pin                               0x2000003c   Data          16  cabinet.o(.data)
    DBUS_H_pin                               0x2000004c   Data          16  cabinet.o(.data)
    CabinetDeviecs                           0x2000005c   Data         432  cabinet.o(.data)
    OSIntNesting                             0x20000220   Data           1  os_core.o(.data)
    OSLockNesting                            0x20000221   Data           1  os_core.o(.data)
    OSPrioCur                                0x20000222   Data           1  os_core.o(.data)
    OSPrioHighRdy                            0x20000223   Data           1  os_core.o(.data)
    OSRdyGrp                                 0x20000224   Data           1  os_core.o(.data)
    OSRunning                                0x20000225   Data           1  os_core.o(.data)
    OSTaskCtr                                0x20000226   Data           1  os_core.o(.data)
    OSCtxSwCtr                               0x20000228   Data           4  os_core.o(.data)
    OSEventFreeList                          0x2000022c   Data           4  os_core.o(.data)
    OSRdyTbl                                 0x20000230   Data           4  os_core.o(.data)
    OSIdleCtr                                0x20000234   Data           4  os_core.o(.data)
    OSTCBCur                                 0x20000238   Data           4  os_core.o(.data)
    OSTCBFreeList                            0x2000023c   Data           4  os_core.o(.data)
    OSTCBHighRdy                             0x20000240   Data           4  os_core.o(.data)
    OSTCBList                                0x20000244   Data           4  os_core.o(.data)
    SystemCoreClock                          0x20000248   Data           4  system_stm32f10x.o(.data)
    AHBPrescTable                            0x2000024c   Data          16  system_stm32f10x.o(.data)
    __stdout                                 0x2000025c   Data           4  stdout.o(.data)
    micro2main                               0x2000c6c0   Data          28  main.o(.bss)
    USART1_RecvBuff                          0x2000c6dc   Data          10  uart1_dma.o(.bss)
    OSEventTbl                               0x2000c6e8   Data         320  os_core.o(.bss)
    OSTaskIdleStk                            0x2000c828   Data         512  os_core.o(.bss)
    OSTCBPrioTbl                             0x2000ca28   Data         128  os_core.o(.bss)
    OSTCBTbl                                 0x2000caa8   Data        1680  os_core.o(.bss)
    __initial_sp                             0x2000d538   Data           0  startup_stm32f10x_hd.o(STACK)



==============================================================================

Memory Map of the image

  Image Entry point : 0x08004531

  Load Region LR_IROM1 (Base: 0x08004400, Size: 0x00004b58, Max: 0x0007bc00, ABSOLUTE, COMPRESSED[0x000049d0])

    Execution Region ER_IROM1 (Base: 0x08004400, Size: 0x000048f8, Max: 0x0007bc00, ABSOLUTE)

    Base Addr    Size         Type   Attr      Idx    E Section Name        Object

    0x08004400   0x00000130   Data   RO          501    RESET               startup_stm32f10x_hd.o
    0x08004530   0x00000000   Code   RO          534  * .ARM.Collect$$$$00000000  mc_w.l(entry.o)
    0x08004530   0x00000004   Code   RO          806    .ARM.Collect$$$$00000001  mc_w.l(entry2.o)
    0x08004534   0x00000004   Code   RO          809    .ARM.Collect$$$$00000004  mc_w.l(entry5.o)
    0x08004538   0x00000000   Code   RO          811    .ARM.Collect$$$$00000008  mc_w.l(entry7b.o)
    0x08004538   0x00000000   Code   RO          813    .ARM.Collect$$$$0000000A  mc_w.l(entry8b.o)
    0x08004538   0x00000008   Code   RO          814    .ARM.Collect$$$$0000000B  mc_w.l(entry9a.o)
    0x08004540   0x00000000   Code   RO          816    .ARM.Collect$$$$0000000D  mc_w.l(entry10a.o)
    0x08004540   0x00000000   Code   RO          818    .ARM.Collect$$$$0000000F  mc_w.l(entry11a.o)
    0x08004540   0x00000004   Code   RO          807    .ARM.Collect$$$$00002712  mc_w.l(entry2.o)
    0x08004544   0x00000020   Code   RO          506    .emb_text           core_cm3.o
    0x08004564   0x000009b8   Code   RO          123    .text               main.o
    0x08004f1c   0x000000a0   Code   RO          162    .text               stm32f10x_it.o
    0x08004fbc   0x0000010c   Code   RO          177    .text               uart_printf.o
    0x080050c8   0x000003ac   Code   RO          204    .text               ds18b20.o
    0x08005474   0x00000238   Code   RO          219    .text               uart1_dma.o
    0x080056ac   0x0000040c   Code   RO          241    .text               cabinet.o
    0x08005ab8   0x00000114   Code   RO          261    .text               dataflash.o
    0x08005bcc   0x00000066   Code   RO          274    .text               utils.o
    0x08005c32   0x00000002   PAD
    0x08005c34   0x000000b0   Code   RO          287    .text               misc.o
    0x08005ce4   0x0000026c   Code   RO          299    .text               stm32f10x_gpio.o
    0x08005f50   0x000002b4   Code   RO          311    .text               stm32f10x_rcc.o
    0x08006204   0x00000328   Code   RO          337    .text               stm32f10x_usart.o
    0x0800652c   0x000001c8   Code   RO          349    .text               stm32f10x_dma.o
    0x080066f4   0x0000047c   Code   RO          361    .text               stm32f10x_flash.o
    0x08006b70   0x00000534   Code   RO          374    .text               os_core.o
    0x080070a4   0x0000031c   Code   RO          425    .text               os_sem.o
    0x080073c0   0x00000350   Code   RO          437    .text               os_task.o
    0x08007710   0x0000005c   Code   RO          449    .text               os_time.o
    0x0800776c   0x00000084   Code   RO          467    .text               os_cpu_c.o
    0x080077f0   0x000000a4   Code   RO          495    .text               os_cpu_a.o
    0x08007894   0x00000024   Code   RO          502    .text               startup_stm32f10x_hd.o
    0x080078b8   0x00000154   Code   RO          516    .text               system_stm32f10x.o
    0x08007a0c   0x00000024   Code   RO          537    .text               mc_w.l(memseta.o)
    0x08007a30   0x000000e4   Code   RO          800    .text               mf_w.l(dmul.o)
    0x08007b14   0x00000022   Code   RO          802    .text               mf_w.l(dflti.o)
    0x08007b36   0x0000003e   Code   RO          804    .text               mf_w.l(dfixi.o)
    0x08007b74   0x0000002c   Code   RO          821    .text               mc_w.l(uidiv.o)
    0x08007ba0   0x00000062   Code   RO          823    .text               mc_w.l(uldiv.o)
    0x08007c02   0x00000020   Code   RO          825    .text               mc_w.l(llushr.o)
    0x08007c22   0x00000000   Code   RO          827    .text               mc_w.l(iusefp.o)
    0x08007c22   0x000000b6   Code   RO          828    .text               mf_w.l(depilogue.o)
    0x08007cd8   0x0000014e   Code   RO          830    .text               mf_w.l(dadd.o)
    0x08007e26   0x000000de   Code   RO          832    .text               mf_w.l(ddiv.o)
    0x08007f04   0x00000030   Code   RO          834    .text               mf_w.l(dfixul.o)
    0x08007f34   0x00000028   Code   RO          836    .text               mf_w.l(cdrcmple.o)
    0x08007f5c   0x00000024   Code   RO          838    .text               mc_w.l(init.o)
    0x08007f80   0x0000001e   Code   RO          840    .text               mc_w.l(llshl.o)
    0x08007f9e   0x00000024   Code   RO          842    .text               mc_w.l(llsshr.o)
    0x08007fc2   0x00000056   Code   RO          852    .text               mc_w.l(__dczerorl2.o)
    0x08008018   0x00000020   Code   RO          772    i.__0printf         mc_w.l(printfa.o)
    0x08008038   0x00000028   Code   RO          674    i.__0sprintf$5      mc_w.l(printf5.o)
    0x08008060   0x0000000e   Code   RO          846    i.__scatterload_copy  mc_w.l(handlers.o)
    0x0800806e   0x00000002   Code   RO          847    i.__scatterload_null  mc_w.l(handlers.o)
    0x08008070   0x0000000e   Code   RO          848    i.__scatterload_zeroinit  mc_w.l(handlers.o)
    0x0800807e   0x00000002   PAD
    0x08008080   0x00000164   Code   RO          779    i._fp_digits        mc_w.l(printfa.o)
    0x080081e4   0x000002bc   Code   RO          679    i._printf_core      mc_w.l(printf5.o)
    0x080084a0   0x000006dc   Code   RO          780    i._printf_core      mc_w.l(printfa.o)
    0x08008b7c   0x00000024   Code   RO          781    i._printf_post_padding  mc_w.l(printfa.o)
    0x08008ba0   0x0000002e   Code   RO          782    i._printf_pre_padding  mc_w.l(printfa.o)
    0x08008bce   0x0000000a   Code   RO          681    i._sputc            mc_w.l(printf5.o)
    0x08008bd8   0x00000100   Data   RO          376    .constdata          os_core.o
    0x08008cd8   0x00000020   Data   RO          844    Region$$Table       anon$$obj.o


    Execution Region RW_IRAM1 (Base: 0x20000000, Size: 0x0000d538, Max: 0x00010000, ABSOLUTE, COMPRESSED[0x000000d8])

    Base Addr    Size         Type   Attr      Idx    E Section Name        Object

    0x20000000   0x00000020   Data   RW          125    .data               main.o
    0x20000020   0x00000008   Data   RW          205    .data               ds18b20.o
    0x20000028   0x00000004   Data   RW          221    .data               uart1_dma.o
    0x2000002c   0x00000004   Data   RW          223    .data               uart1_dma.o
    0x20000030   0x00000004   Data   RW          224    .data               uart1_dma.o
    0x20000034   0x000001d8   Data   RW          243    .data               cabinet.o
    0x2000020c   0x00000014   Data   RW          312    .data               stm32f10x_rcc.o
    0x20000220   0x00000028   Data   RW          377    .data               os_core.o
    0x20000248   0x00000014   Data   RW          517    .data               system_stm32f10x.o
    0x2000025c   0x00000004   Data   RW          820    .data               mc_w.l(stdout.o)
    0x20000260   0x0000c47c   Zero   RW          124    .bss                main.o
    0x2000c6dc   0x0000000a   Zero   RW          220    .bss                uart1_dma.o
    0x2000c6e6   0x00000002   PAD
    0x2000c6e8   0x00000a50   Zero   RW          375    .bss                os_core.o
    0x2000d138   0x00000400   Zero   RW          499    STACK               startup_stm32f10x_hd.o


==============================================================================

Image component sizes


      Code (inc. data)   RO Data    RW Data    ZI Data      Debug   Object Name

      1036         44          0        472          0       5031   cabinet.o
        32          0          0          0          0        580   core_cm3.o
       276          0          0          0          0       1853   dataflash.o
       940         14          0          8          0       5250   ds18b20.o
         0          0          0          0          0     255980   led.o
      2488        376          0         32      50300      23699   main.o
       176         14          0          0          0       1773   misc.o
      1332         48        256         40       2640      13767   os_core.o
       164         32          0          0          0        368   os_cpu_a.o
       132          0          0          0          0      10342   os_cpu_c.o
       796         18          0          0          0       3282   os_sem.o
       848         40          0          0          0       3098   os_task.o
        92         18          0          0          0        584   os_time.o
        36          8        304          0       1024        896   startup_stm32f10x_hd.o
       456         10          0          0          0       4190   stm32f10x_dma.o
      1148         22          0          0          0       8092   stm32f10x_flash.o
       620         36          0          0          0       5037   stm32f10x_gpio.o
       160         40          0          0          0       1750   stm32f10x_it.o
       692         32          0         20          0       8184   stm32f10x_rcc.o
       808         22          0          0          0       7376   stm32f10x_usart.o
       340         32          0         20          0       2027   system_stm32f10x.o
       568         20          0         12         10       3159   uart1_dma.o
       268         12          0          0          0       1250   uart_printf.o
       102          0          0          0          0       1202   utils.o

    ----------------------------------------------------------------------
     13512        838        592        604      53976     368770   Object Totals
         0          0         32          0          0          0   (incl. Generated)
         2          0          0          0          2          0   (incl. Padding)

    ----------------------------------------------------------------------

      Code (inc. data)   RO Data    RW Data    ZI Data      Debug   Library Member Name

        86          0          0          0          0          0   __dczerorl2.o
         0          0          0          0          0          0   entry.o
         0          0          0          0          0          0   entry10a.o
         0          0          0          0          0          0   entry11a.o
         8          4          0          0          0          0   entry2.o
         4          0          0          0          0          0   entry5.o
         0          0          0          0          0          0   entry7b.o
         0          0          0          0          0          0   entry8b.o
         8          4          0          0          0          0   entry9a.o
        30          0          0          0          0          0   handlers.o
        36          8          0          0          0         68   init.o
         0          0          0          0          0          0   iusefp.o
        30          0          0          0          0         68   llshl.o
        36          0          0          0          0         68   llsshr.o
        32          0          0          0          0         68   llushr.o
        36          0          0          0          0        108   memseta.o
       750         52          0          0          0        252   printf5.o
      2226         90          0          0          0        444   printfa.o
         0          0          0          4          0          0   stdout.o
        44          0          0          0          0         80   uidiv.o
        98          0          0          0          0         92   uldiv.o
        40          2          0          0          0         68   cdrcmple.o
       334          0          0          0          0        148   dadd.o
       222          0          0          0          0        100   ddiv.o
       182          0          0          0          0        176   depilogue.o
        62          0          0          0          0         80   dfixi.o
        48          0          0          0          0         68   dfixul.o
        34          0          0          0          0         76   dflti.o
       228          0          0          0          0         96   dmul.o

    ----------------------------------------------------------------------
      4576        160          0          4          0       2060   Library Totals
         2          0          0          0          0          0   (incl. Padding)

    ----------------------------------------------------------------------

      Code (inc. data)   RO Data    RW Data    ZI Data      Debug   Library Name

      3424        158          0          4          0       1248   mc_w.l
      1150          2          0          0          0        812   mf_w.l

    ----------------------------------------------------------------------
      4576        160          0          4          0       2060   Library Totals

    ----------------------------------------------------------------------

==============================================================================


      Code (inc. data)   RO Data    RW Data    ZI Data      Debug   

     18088        998        592        608      53976     367110   Grand Totals
     18088        998        592        216      53976     367110   ELF Image Totals (compressed)
     18088        998        592        216          0          0   ROM Totals

==============================================================================

    Total RO  Size (Code + RO Data)                18680 (  18.24kB)
    Total RW  Size (RW Data + ZI Data)             54584 (  53.30kB)
    Total ROM Size (Code + RO Data + RW Data)      18896 (  18.45kB)

==============================================================================

